{
      "cells": [
            {
                  "cell_type": "markdown",
                  "metadata": {},
                  "source": [
                        "## Endpoint execution\n",
                        "\n",
                        "This Jupyter Notebook simplifies interaction with the key endpoints of the Capture The Flag platform, offering a user-friendly environment to test and utilize its functionalities. It bridges the gap between backend mechanics and practical applications, making it a valuable resource for developers and enthusiasts."
                  ]
            },
            {
                  "cell_type": "markdown",
                  "metadata": {},
                  "source": [
                        "### Initial imports and configurations"
                  ]
            },
            {
                  "cell_type": "code",
                  "execution_count": 19,
                  "metadata": {},
                  "outputs": [],
                  "source": [
                        "import shutil\n",
                        "import requests\n",
                        "import urllib3\n",
                        "import os\n",
                        "import shutil\n",
                        "import json\n",
                        "import time\n",
                        "from dotenv import load_dotenv\n",
                        "\n",
                        "# Login credentials from .env\n",
                        "load_dotenv()\n",
                        "username = os.getenv('USERNAME')\n",
                        "password = os.getenv('PASSWORD')\n",
                        "\n",
                        "s = requests.session()\n",
                        "\n",
                        "# Needed locally only\n",
                        "urllib3.disable_warnings(urllib3.exceptions.InsecureRequestWarning)\n",
                        "s.verify = False\n",
                        "\n",
                        "# Mandatory configuration\n",
                        "keycloak_host = \"https://ctf.jacopomauro.com/keycloak\"\n",
                        "deployer_host = \"https://deployer.ctf.jacopomauro.com\"\n",
                        "\n",
                        "# Paths to the challenge files\n",
                        "src_folder = \"./challenges/challenge-xss/\"\n",
                        "src_folder_location      = os.path.join(src_folder, \"src\")\n",
                        "solution_folder_location = os.path.join(src_folder, \"solution\")\n",
                        "challenge_yaml_location  = os.path.join(src_folder, \"challenge.yml\")\n",
                        "handout_folder_location  = os.path.join(src_folder, \"handout\")"
                  ]
            },
            {
                  "cell_type": "markdown",
                  "metadata": {},
                  "source": [
                        "### Get access token\n",
                        "Access token is valid for 5 minutes.\n",
                        "It may be that the operation you are doing will take more than 5 minutes and in this case you have to rerun this code."
                  ]
            },
            {
                  "cell_type": "code",
                  "execution_count": 79,
                  "metadata": {},
                  "outputs": [
                        {
                              "name": "stdout",
                              "output_type": "stream",
                              "text": [
                                    "login: 200 b'{\"access_token\":\"eyJhbGciOiJSUzI1NiIsInR5cCIgOiAiSldUIiwia2lkIiA6ICItenNFMzl5SzFYMkJlMnlMNkZMU0ZVcDNiQmNId3RXM2RsN1dlNHk0eGl3In0.eyJleHAiOjE3NDc2OTI3MDksImlhdCI6MTc0NzY5MjQwOSwianRpIjoiYzFkMmM0OGItMGM2Mi00MTIzLWE2ZGItZTQ2YWE2ZmI5MWQxIiwiaXNzIjoiaHR0cHM6Ly9jdGYuamFjb3BvbWF1cm8uY29tL2tleWNsb2FrL3JlYWxtcy9jdGYiLCJhdWQiOlsiY3RmZCIsInN0ZXAiLCJhY2NvdW50Il0sInN1YiI6ImEyYTcxYWMzLThjNDgtNDgxZi05M2M4LTRhYjgyNDIyNGNiMyIsInR5cCI6IkJlYXJlciIsImF6cCI6ImRlcGxveWVyIiwic2lkIjoiYWRmNDhkNmMtMmM3Yy00Yjc5LThjYTctOTlkMDUzNDU4MTRkIiwiYWNyIjoiMSIsImFsbG93ZWQtb3JpZ2lucyI6WyIiXSwicmVhbG1fYWNjZXNzIjp7InJvbGVzIjpbImRlZmF1bHQtcm9sZXMtY3RmIiwib2ZmbGluZV9hY2Nlc3MiLCJ1bWFfYXV0aG9yaXphdGlvbiJdfSwicmVzb3VyY2VfYWNjZXNzIjp7ImN0ZmQiOnsicm9sZXMiOlsidXNlciJdfSwic3RlcCI6eyJyb2xlcyI6WyJiYXN0aW9uIl19LCJkZXBsb3llciI6eyJyb2xlcyI6WyJkZXZlbG9wZXIiXX0sImFjY291bnQiOnsicm9sZXMiOlsibWFuYWdlLWFjY291bnQiLCJtYW5hZ2UtYWNjb3VudC1saW5rcyIsInZpZXctcHJvZmlsZSJdfX0sInNjb3BlIjoib3BlbmlkIGVtYWlsIHByb2ZpbGUiLCJlbWFpbF92ZXJpZmllZCI6ZmFsc2UsIm5hbWUiOiJLYXJzdGVuIFBlZGVyc2VuIiwicHJlZmVycmVkX3VzZXJuYW1lIjoia3BlZGUyMiIsImdpdmVuX25hbWUiOiJLYXJzdGVuIiwiZmFtaWx5X25hbWUiOiJQZWRlcnNlbiIsImVtYWlsIjoia3BlZGUyMkBzdHVkZW50LnNkdS5kayJ9.UYyrEzzVUXEP-nDDqnMImPED6gJHRtdio9pxaVnmwz75hLSAWmsWYKB2anvuk72e19p9XywhCJpwhNJZtComEOQqwEQrW9MUhvCcjG0OFObke2QojEyTmlRdX6596lzG_BTYM2jgUwmBQHqoRtBUxf_TRN9g-Ycv-uAh5yA-IB5cGhW_iEUvZJ1g8OihsI2XnwMeZakTRtf1ZdTXnZyiwoUGyZt5di_lrI6h4asGybdAlG2uDzxgMaiMn-uwxoSuvDdc-0QEAYTamIs4oMg1My1txOAEQIInLq8SLCUrlM-bETOpMhfwlOrwahYVqL5KjNlkQ65DpIs9jUD5YEHvmA\",\"expires_in\":300,\"refresh_expires_in\":1800,\"refresh_token\":\"eyJhbGciOiJIUzUxMiIsInR5cCIgOiAiSldUIiwia2lkIiA6ICIwNDVmMWJhMC0yY2M0LTQyZjEtYTA4My05YjM2OGI1YjBjMDAifQ.eyJleHAiOjE3NDc2OTQyMDksImlhdCI6MTc0NzY5MjQwOSwianRpIjoiMzAzOWY3YTctNTZhZC00MjA2LWJjMzMtYTUxODVmM2RmMzMzIiwiaXNzIjoiaHR0cHM6Ly9jdGYuamFjb3BvbWF1cm8uY29tL2tleWNsb2FrL3JlYWxtcy9jdGYiLCJhdWQiOiJodHRwczovL2N0Zi5qYWNvcG9tYXVyby5jb20va2V5Y2xvYWsvcmVhbG1zL2N0ZiIsInN1YiI6ImEyYTcxYWMzLThjNDgtNDgxZi05M2M4LTRhYjgyNDIyNGNiMyIsInR5cCI6IlJlZnJlc2giLCJhenAiOiJkZXBsb3llciIsInNpZCI6ImFkZjQ4ZDZjLTJjN2MtNGI3OS04Y2E3LTk5ZDA1MzQ1ODE0ZCIsInNjb3BlIjoib3BlbmlkIGVtYWlsIHByb2ZpbGUgYmFzaWMgYWNyIHJvbGVzIHdlYi1vcmlnaW5zIn0.eG-9g97sENa6jo7aFVq9dbSiJkOT--F5vs6uUWHmqf3Kt9Zjkfa-W4UKHvB7aJKTMDc1DYcbtH_3nSWJ8gtcFQ\",\"token_type\":\"Bearer\",\"id_token\":\"eyJhbGciOiJSUzI1NiIsInR5cCIgOiAiSldUIiwia2lkIiA6ICItenNFMzl5SzFYMkJlMnlMNkZMU0ZVcDNiQmNId3RXM2RsN1dlNHk0eGl3In0.eyJleHAiOjE3NDc2OTI3MDksImlhdCI6MTc0NzY5MjQwOSwianRpIjoiZmJmNWY5YWItODA5My00MGQ4LWIxZGItMWZmNTc4ZDVjZjE5IiwiaXNzIjoiaHR0cHM6Ly9jdGYuamFjb3BvbWF1cm8uY29tL2tleWNsb2FrL3JlYWxtcy9jdGYiLCJhdWQiOiJkZXBsb3llciIsInN1YiI6ImEyYTcxYWMzLThjNDgtNDgxZi05M2M4LTRhYjgyNDIyNGNiMyIsInR5cCI6IklEIiwiYXpwIjoiZGVwbG95ZXIiLCJzaWQiOiJhZGY0OGQ2Yy0yYzdjLTRiNzktOGNhNy05OWQwNTM0NTgxNGQiLCJhdF9oYXNoIjoiaEdPNm4wc1g0QXRXbHVrM3JtLXh0USIsImFjciI6IjEiLCJlbWFpbF92ZXJpZmllZCI6ZmFsc2UsIm5hbWUiOiJLYXJzdGVuIFBlZGVyc2VuIiwicHJlZmVycmVkX3VzZXJuYW1lIjoia3BlZGUyMiIsImdpdmVuX25hbWUiOiJLYXJzdGVuIiwiZmFtaWx5X25hbWUiOiJQZWRlcnNlbiIsImVtYWlsIjoia3BlZGUyMkBzdHVkZW50LnNkdS5kayJ9.cgy0GRfFih_Qun_aJyDxZ258nojbcW7R2VtQgKVviXjmKEvdl-6043O3lCbQ9YrfkkRD2tvrUK-A9yUWUUaDCGs_UXvAVKzbg0bc9QSFbnZoEKFKuSQ-ltfpO7Zms04OLFfc09JJMvDuidgfh153gAYM4TNnZPmbYYuE26i_75mZifruIy-wMSB0-YOmaJAj_SNKRf7wAQmYJ3A9sGoPKk7pgGsN_VYW1hh-q-3lgntaZqcCqSuqUxl0TwNnzGrxrYXE8XpJpy0DhhHxe78uQpYfEbJ3EplB6IQii2uqKatZdtYao_YAIUDBp7lquxS-UGhUJZLzdUQoYXDaX2cU9A\",\"not-before-policy\":0,\"session_state\":\"adf48d6c-2c7c-4b79-8ca7-99d05345814d\",\"scope\":\"openid email profile\"}'\n"
                              ]
                        }
                  ],
                  "source": [
                        "def refresh_access_token():\n",
                        "    r = s.post(\n",
                        "        f\"{keycloak_host}/realms/ctf/protocol/openid-connect/token/\", \n",
                        "        data={\n",
                        "            \"client_id\":\"deployer\", \n",
                        "            \"username\": username, \n",
                        "            \"password\": password, \n",
                        "            \"grant_type\": \"password\", \n",
                        "            \"scope\": \"openid\"\n",
                        "        }, \n",
                        "        timeout=20\n",
                        "    )\n",
                        "    print(\"refreshed access token:\", r.status_code, r.content)\n",
                        "    r.raise_for_status()\n",
                        "\n",
                        "    s.headers = {\"Authorization\": \"Bearer \" + r.json().get(\"access_token\")}\n",
                        "\n",
                        "refresh_access_token()"
                  ]
            },
            {
                  "cell_type": "markdown",
                  "metadata": {},
                  "source": [
                        "### Post challenge to deployer service\n",
                        "\n",
                        "Submit the challenge to the CTF platform."
                  ]
            },
            {
                  "cell_type": "code",
                  "execution_count": 21,
                  "metadata": {},
                  "outputs": [
                        {
                              "name": "stdout",
                              "output_type": "stream",
                              "text": [
                                    "add challenge: 200 b'{\"challengeid\":\"13d1e533-4f58-451e-9215-8231d49e00e8\"}'\n"
                              ]
                        }
                  ],
                  "source": [
                        "files = []\n",
                        "files.append((\"upload[]\", open(challenge_yaml_location, \"rb\")))\n",
                        "\n",
                        "# only zip & queue the challenge bundle if its folder exists\n",
                        "if os.path.isdir(src_folder_location):\n",
                        "    shutil.make_archive(\"challenge\", \"zip\", src_folder_location)\n",
                        "    files.append((\"upload[]\", open(\"challenge.zip\", \"rb\")))\n",
                        "\n",
                        "# only zip & queue the solution bundle if its folder exists\n",
                        "if os.path.isdir(solution_folder_location):\n",
                        "    shutil.make_archive(\"solution\", \"zip\", solution_folder_location)\n",
                        "    files.append((\"upload[]\", open(\"solution.zip\", \"rb\")))\n",
                        "\n",
                        "# only zip & queue the handout bundle if its folder exists\n",
                        "if os.path.isdir(handout_folder_location):\n",
                        "    shutil.make_archive(\"handout\", \"zip\", handout_folder_location)\n",
                        "    files.append((\"upload[]\", open(\"handout.zip\", \"rb\")))\n",
                        "\n",
                        "# if there's nothing to send, bail out early\n",
                        "if not files:\n",
                        "    print(\"No folders found to package — nothing to upload.\")\n",
                        "else:\n",
                        "    r = s.post(\n",
                        "        deployer_host + \"/challenges\",\n",
                        "        files=files,\n",
                        "        timeout=20\n",
                        "    )\n",
                        "    # close all file handles\n",
                        "    for _, fh in files:\n",
                        "        fh.close()\n",
                        "\n",
                        "    print(\"add challenge:\", r.status_code, r.content)\n",
                        "    r.raise_for_status()\n",
                        "    challenge_id = r.json().get(\"challengeid\")\n"
                  ]
            },
            {
                  "cell_type": "markdown",
                  "metadata": {},
                  "source": [
                        "### Start the Challenge using the API\n",
                        "\n",
                        "To start the challenge use the start API.\n",
                        "Note that running the challenge cat take minutes (the system has to run the VM, run the docker-compose, build the docker images, run the docker images, ...).\n",
                        "Note that you should be able to run only one challenge at a time. For stopping, see below.\n",
                        "\n",
                        "Note that in case of problems with a certificate in Chrome you can try typing “thisisunsafe”"
                  ]
            },
            {
                  "cell_type": "code",
                  "execution_count": 22,
                  "metadata": {},
                  "outputs": [
                        {
                              "name": "stdout",
                              "output_type": "stream",
                              "text": [
                                    "start challenge: 200 b'{\"url\":\"64408aac-5c86-4bdd.deployer.ctf.jacopomauro.com\",\"secondslseft\":1200,\"started\":true,\"verified\":false}'\n"
                              ]
                        }
                  ],
                  "source": [
                        "r = s.post(deployer_host + \"/challenges/\" + challenge_id + \"/start\", timeout=20)\n",
                        "print(\"start challenge:\", r.status_code, r.content)\n",
                        "r.raise_for_status()"
                  ]
            },
            {
                  "cell_type": "markdown",
                  "metadata": {},
                  "source": [
                        "### Start Test using the API\n",
                        "\n",
                        "This API call will run the solution command in a VM. Note that is better to execute this command after the challenge is running.\n",
                        "You can verify this by using the domain provided by starting the challenge and invoking the health check.\n",
                        "As for the challenge, running the validation can take quite a long time (the system has to run the VM, build the docker images, run it)"
                  ]
            },
            {
                  "cell_type": "code",
                  "execution_count": 12,
                  "metadata": {},
                  "outputs": [
                        {
                              "name": "stdout",
                              "output_type": "stream",
                              "text": [
                                    "start test: 200 b'{\"url\":\"d10b5e0a-9414-4a8e.deployer.ctf.jacopomauro.com\",\"secondslseft\":1200,\"started\":true,\"verified\":false}'\n"
                              ]
                        }
                  ],
                  "source": [
                        "r = s.post(deployer_host + f\"/solutions/{challenge_id}/start\", timeout=20)\n",
                        "print(\"start test:\", r.status_code, r.content)\n",
                        "r.raise_for_status()"
                  ]
            },
            {
                  "cell_type": "markdown",
                  "metadata": {},
                  "source": [
                        "### Check Challenge Status\n",
                        "\n",
                        "This allows to check the status of a submitted challenge.\n",
                        "In particular, you can understand if it has been validated or not.\n",
                        "\n",
                        "```json\n",
                        "{\"ready\":\"\",\"secondsleft\":\"\",\"started\":\"\",\"url\":\"\",\"verified\":\"\"}\n",
                        "```"
                  ]
            },
            {
                  "cell_type": "code",
                  "execution_count": 23,
                  "metadata": {},
                  "outputs": [
                        {
                              "name": "stdout",
                              "output_type": "stream",
                              "text": [
                                    "logs: 200 b'{\"ready\":false,\"secondsleft\":1196,\"started\":true,\"url\":\"64408aac-5c86-4bdd.deployer.ctf.jacopomauro.com\",\"verified\":false}'\n"
                              ]
                        }
                  ],
                  "source": [
                        "r = s.get(deployer_host + \"/challenges/\" + challenge_id + \"/status\", timeout=20)\n",
                        "print(\"logs:\", r.status_code, r.content)\n",
                        "r.raise_for_status()"
                  ]
            },
            {
                  "cell_type": "markdown",
                  "metadata": {},
                  "source": [
                        "### Check If Challenge Is Ready"
                  ]
            },
            {
                  "cell_type": "code",
                  "execution_count": null,
                  "metadata": {},
                  "outputs": [
                        {
                              "name": "stdout",
                              "output_type": "stream",
                              "text": [
                                    "logs: 200 b'{\"ready\":false,\"secondsleft\":1194,\"started\":true,\"url\":\"64408aac-5c86-4bdd.deployer.ctf.jacopomauro.com\",\"verified\":false}'\n",
                                    "logs: 200 b'{\"ready\":false,\"secondsleft\":1164,\"started\":true,\"url\":\"64408aac-5c86-4bdd.deployer.ctf.jacopomauro.com\",\"verified\":false}'\n",
                                    "logs: 200 b'{\"ready\":false,\"secondsleft\":1134,\"started\":true,\"url\":\"64408aac-5c86-4bdd.deployer.ctf.jacopomauro.com\",\"verified\":false}'\n",
                                    "logs: 200 b'{\"ready\":false,\"secondsleft\":1104,\"started\":true,\"url\":\"64408aac-5c86-4bdd.deployer.ctf.jacopomauro.com\",\"verified\":false}'\n",
                                    "logs: 200 b'{\"ready\":false,\"secondsleft\":1073,\"started\":true,\"url\":\"64408aac-5c86-4bdd.deployer.ctf.jacopomauro.com\",\"verified\":false}'\n",
                                    "logs: 200 b'{\"ready\":false,\"secondsleft\":1043,\"started\":true,\"url\":\"64408aac-5c86-4bdd.deployer.ctf.jacopomauro.com\",\"verified\":false}'\n",
                                    "logs: 200 b'{\"ready\":false,\"secondsleft\":1013,\"started\":true,\"url\":\"64408aac-5c86-4bdd.deployer.ctf.jacopomauro.com\",\"verified\":false}'\n",
                                    "logs: 200 b'{\"ready\":false,\"secondsleft\":983,\"started\":true,\"url\":\"64408aac-5c86-4bdd.deployer.ctf.jacopomauro.com\",\"verified\":false}'\n",
                                    "logs: 200 b'{\"ready\":false,\"secondsleft\":953,\"started\":true,\"url\":\"64408aac-5c86-4bdd.deployer.ctf.jacopomauro.com\",\"verified\":false}'\n",
                                    "logs: 200 b'{\"ready\":false,\"secondsleft\":923,\"started\":true,\"url\":\"64408aac-5c86-4bdd.deployer.ctf.jacopomauro.com\",\"verified\":false}'\n",
                                    "logs: 401 b''\n",
                                    "login: 200 b'{\"access_token\":\"eyJhbGciOiJSUzI1NiIsInR5cCIgOiAiSldUIiwia2lkIiA6ICItenNFMzl5SzFYMkJlMnlMNkZMU0ZVcDNiQmNId3RXM2RsN1dlNHk0eGl3In0.eyJleHAiOjE3NDc2OTMwMjEsImlhdCI6MTc0NzY5MjcyMSwianRpIjoiYjU1NGRlMDAtYTY3OS00MDQ4LTkzM2MtNjZjOTZhYThhYjU2IiwiaXNzIjoiaHR0cHM6Ly9jdGYuamFjb3BvbWF1cm8uY29tL2tleWNsb2FrL3JlYWxtcy9jdGYiLCJhdWQiOlsiY3RmZCIsInN0ZXAiLCJhY2NvdW50Il0sInN1YiI6ImEyYTcxYWMzLThjNDgtNDgxZi05M2M4LTRhYjgyNDIyNGNiMyIsInR5cCI6IkJlYXJlciIsImF6cCI6ImRlcGxveWVyIiwic2lkIjoiODc0Y2IwMjQtOTJjNS00MzM2LWE5MzEtNTU2OWUxNmVmYmU3IiwiYWNyIjoiMSIsImFsbG93ZWQtb3JpZ2lucyI6WyIiXSwicmVhbG1fYWNjZXNzIjp7InJvbGVzIjpbImRlZmF1bHQtcm9sZXMtY3RmIiwib2ZmbGluZV9hY2Nlc3MiLCJ1bWFfYXV0aG9yaXphdGlvbiJdfSwicmVzb3VyY2VfYWNjZXNzIjp7ImN0ZmQiOnsicm9sZXMiOlsidXNlciJdfSwic3RlcCI6eyJyb2xlcyI6WyJiYXN0aW9uIl19LCJkZXBsb3llciI6eyJyb2xlcyI6WyJkZXZlbG9wZXIiXX0sImFjY291bnQiOnsicm9sZXMiOlsibWFuYWdlLWFjY291bnQiLCJtYW5hZ2UtYWNjb3VudC1saW5rcyIsInZpZXctcHJvZmlsZSJdfX0sInNjb3BlIjoib3BlbmlkIGVtYWlsIHByb2ZpbGUiLCJlbWFpbF92ZXJpZmllZCI6ZmFsc2UsIm5hbWUiOiJLYXJzdGVuIFBlZGVyc2VuIiwicHJlZmVycmVkX3VzZXJuYW1lIjoia3BlZGUyMiIsImdpdmVuX25hbWUiOiJLYXJzdGVuIiwiZmFtaWx5X25hbWUiOiJQZWRlcnNlbiIsImVtYWlsIjoia3BlZGUyMkBzdHVkZW50LnNkdS5kayJ9.kzlyB_ZM8J2gQe2TTkZ_eZSCtEWXhCiPXgJva4Q86ZumXEOM0-DtdrejRWM-YaHIDaX0vR-EmP7xEDGksVJFC1RPdDAdDfLp6CpHPpVxANSKsz30cwqp0m26py5DviLcglrV6J8UkotiB318Xzw6_-Ok0RWS_Xk4T5v4sNL3UeRXe81ueZRt2JPTu8mn1AlCEw1sP1S3-K83AwM-b-P9dLvzelOAlu8pPcLdSo24asGhdJElAmSXL-bjQFJwGs66VfSqWMiaKwlJyhc4eEztKit93JsYAhyG7FmE948ti1GwOYBK7LYTW974Oo1slI04kSqbaMjsXX2plsXSReXCow\",\"expires_in\":300,\"refresh_expires_in\":1800,\"refresh_token\":\"eyJhbGciOiJIUzUxMiIsInR5cCIgOiAiSldUIiwia2lkIiA6ICIwNDVmMWJhMC0yY2M0LTQyZjEtYTA4My05YjM2OGI1YjBjMDAifQ.eyJleHAiOjE3NDc2OTQ1MjEsImlhdCI6MTc0NzY5MjcyMSwianRpIjoiNzc0MDIwZjItODc0ZS00MjBiLWJjMDMtMjgzYTdkOTAzOWUxIiwiaXNzIjoiaHR0cHM6Ly9jdGYuamFjb3BvbWF1cm8uY29tL2tleWNsb2FrL3JlYWxtcy9jdGYiLCJhdWQiOiJodHRwczovL2N0Zi5qYWNvcG9tYXVyby5jb20va2V5Y2xvYWsvcmVhbG1zL2N0ZiIsInN1YiI6ImEyYTcxYWMzLThjNDgtNDgxZi05M2M4LTRhYjgyNDIyNGNiMyIsInR5cCI6IlJlZnJlc2giLCJhenAiOiJkZXBsb3llciIsInNpZCI6Ijg3NGNiMDI0LTkyYzUtNDMzNi1hOTMxLTU1NjllMTZlZmJlNyIsInNjb3BlIjoib3BlbmlkIGVtYWlsIHByb2ZpbGUgYmFzaWMgYWNyIHJvbGVzIHdlYi1vcmlnaW5zIn0.xO9C-Cp9OuDKoTMhmSCjSt6OctP3Yc5kd5j6U1Fktnl2KZfVIs3fRTRHcqhsCQBzj6Rl5-n5BL0iLEgSNDflpQ\",\"token_type\":\"Bearer\",\"id_token\":\"eyJhbGciOiJSUzI1NiIsInR5cCIgOiAiSldUIiwia2lkIiA6ICItenNFMzl5SzFYMkJlMnlMNkZMU0ZVcDNiQmNId3RXM2RsN1dlNHk0eGl3In0.eyJleHAiOjE3NDc2OTMwMjEsImlhdCI6MTc0NzY5MjcyMSwianRpIjoiYmRlZGM3MDgtMmM3Yi00OTEyLThmOTEtNjEzZWU5MDAzNWM5IiwiaXNzIjoiaHR0cHM6Ly9jdGYuamFjb3BvbWF1cm8uY29tL2tleWNsb2FrL3JlYWxtcy9jdGYiLCJhdWQiOiJkZXBsb3llciIsInN1YiI6ImEyYTcxYWMzLThjNDgtNDgxZi05M2M4LTRhYjgyNDIyNGNiMyIsInR5cCI6IklEIiwiYXpwIjoiZGVwbG95ZXIiLCJzaWQiOiI4NzRjYjAyNC05MmM1LTQzMzYtYTkzMS01NTY5ZTE2ZWZiZTciLCJhdF9oYXNoIjoibGVSVVRjdEQ4SU9NVFB1UnR2R2s2USIsImFjciI6IjEiLCJlbWFpbF92ZXJpZmllZCI6ZmFsc2UsIm5hbWUiOiJLYXJzdGVuIFBlZGVyc2VuIiwicHJlZmVycmVkX3VzZXJuYW1lIjoia3BlZGUyMiIsImdpdmVuX25hbWUiOiJLYXJzdGVuIiwiZmFtaWx5X25hbWUiOiJQZWRlcnNlbiIsImVtYWlsIjoia3BlZGUyMkBzdHVkZW50LnNkdS5kayJ9.RYKriB78c1BFjDHFq-p2SvDrUn-o1P8-CFEPrtxH5Aeuz8h034DWipDrKqCvOh4PlBjNdWVqqbiFegy4ZVgMi_lXn17kTdGRYepkgYEvae0esvK_9zSDm033arKj4NJ1dvRC9fGKfm76pP3IFddv_FqiTzkguP_7Zp3wrCEmtzfoMaAgNNfUQr9xXu2peBM2tWWKizWU5bS5snTafNhuUUE8vckNlVyglYlT4s5Ucctxrvdu0v9VleIbBGvRgp2I00daFdQg8Gt-ZdQ1ZjUaA6PkXdhSe08oIbEjnSr_HcfstBWpgNbiDcpNC9iIw6Mr2un4g83FEQWCB139rWdsPA\",\"not-before-policy\":0,\"session_state\":\"874cb024-92c5-4336-a931-5569e16efbe7\",\"scope\":\"openid email profile\"}'\n",
                                    "logs: 200 b'{\"ready\":false,\"secondsleft\":862,\"started\":true,\"url\":\"64408aac-5c86-4bdd.deployer.ctf.jacopomauro.com\",\"verified\":false}'\n"
                              ]
                        }
                  ],
                  "source": [
                        "while True:\n",
                        "    r = s.get(deployer_host + \"/challenges/\" + challenge_id + \"/status\", timeout=20)\n",
                        "    if r.ok:\n",
                        "        print(\"logs:\", r.status_code, r.content)\n",
                        "        if json.loads(r.content)[\"ready\"]:\n",
                        "            print(\"I'm ready :D\")\n",
                        "            break\n",
                        "    elif r.status_code == 401:\n",
                        "        refresh_access_token()\n",
                        "    else:\n",
                        "        r.raise_for_status()\n",
                        "    time.sleep(30)"
                  ]
            },
            {
                  "cell_type": "markdown",
                  "metadata": {},
                  "source": [
                        "### Stop the Test using the API\n",
                        "\n",
                        "The test should stop automatically in case of problems after a certain amount of time.\n",
                        "Since it is possible only to execute a test at a time, you can stop it with this API in case of problems."
                  ]
            },
            {
                  "cell_type": "code",
                  "execution_count": 17,
                  "metadata": {},
                  "outputs": [
                        {
                              "name": "stdout",
                              "output_type": "stream",
                              "text": [
                                    "stop test: 404 b'{\"message\":\"Test instance not running\"}'\n"
                              ]
                        },
                        {
                              "ename": "HTTPError",
                              "evalue": "404 Client Error: Not Found for url: https://deployer.ctf.jacopomauro.com/solutions/8c0da34b-f234-4f0a-8d28-ce0286b7f999/stop",
                              "output_type": "error",
                              "traceback": [
                                    "\u001b[0;31m---------------------------------------------------------------------------\u001b[0m",
                                    "\u001b[0;31mHTTPError\u001b[0m                                 Traceback (most recent call last)",
                                    "Cell \u001b[0;32mIn[17], line 3\u001b[0m\n\u001b[1;32m      1\u001b[0m r \u001b[38;5;241m=\u001b[39m s\u001b[38;5;241m.\u001b[39mpost(deployer_host \u001b[38;5;241m+\u001b[39m \u001b[38;5;124m\"\u001b[39m\u001b[38;5;124m/solutions/\u001b[39m\u001b[38;5;124m\"\u001b[39m \u001b[38;5;241m+\u001b[39m challenge_id \u001b[38;5;241m+\u001b[39m \u001b[38;5;124m\"\u001b[39m\u001b[38;5;124m/stop\u001b[39m\u001b[38;5;124m\"\u001b[39m, timeout\u001b[38;5;241m=\u001b[39m\u001b[38;5;241m20\u001b[39m)\n\u001b[1;32m      2\u001b[0m \u001b[38;5;28mprint\u001b[39m(\u001b[38;5;124m\"\u001b[39m\u001b[38;5;124mstop test:\u001b[39m\u001b[38;5;124m\"\u001b[39m, r\u001b[38;5;241m.\u001b[39mstatus_code, r\u001b[38;5;241m.\u001b[39mcontent)\n\u001b[0;32m----> 3\u001b[0m \u001b[43mr\u001b[49m\u001b[38;5;241;43m.\u001b[39;49m\u001b[43mraise_for_status\u001b[49m\u001b[43m(\u001b[49m\u001b[43m)\u001b[49m\n",
                                    "File \u001b[0;32m~/badm500-project/.venv/lib/python3.10/site-packages/requests/models.py:1024\u001b[0m, in \u001b[0;36mResponse.raise_for_status\u001b[0;34m(self)\u001b[0m\n\u001b[1;32m   1019\u001b[0m     http_error_msg \u001b[38;5;241m=\u001b[39m (\n\u001b[1;32m   1020\u001b[0m         \u001b[38;5;124mf\u001b[39m\u001b[38;5;124m\"\u001b[39m\u001b[38;5;132;01m{\u001b[39;00m\u001b[38;5;28mself\u001b[39m\u001b[38;5;241m.\u001b[39mstatus_code\u001b[38;5;132;01m}\u001b[39;00m\u001b[38;5;124m Server Error: \u001b[39m\u001b[38;5;132;01m{\u001b[39;00mreason\u001b[38;5;132;01m}\u001b[39;00m\u001b[38;5;124m for url: \u001b[39m\u001b[38;5;132;01m{\u001b[39;00m\u001b[38;5;28mself\u001b[39m\u001b[38;5;241m.\u001b[39murl\u001b[38;5;132;01m}\u001b[39;00m\u001b[38;5;124m\"\u001b[39m\n\u001b[1;32m   1021\u001b[0m     )\n\u001b[1;32m   1023\u001b[0m \u001b[38;5;28;01mif\u001b[39;00m http_error_msg:\n\u001b[0;32m-> 1024\u001b[0m     \u001b[38;5;28;01mraise\u001b[39;00m HTTPError(http_error_msg, response\u001b[38;5;241m=\u001b[39m\u001b[38;5;28mself\u001b[39m)\n",
                                    "\u001b[0;31mHTTPError\u001b[0m: 404 Client Error: Not Found for url: https://deployer.ctf.jacopomauro.com/solutions/8c0da34b-f234-4f0a-8d28-ce0286b7f999/stop"
                              ]
                        }
                  ],
                  "source": [
                        "r = s.post(deployer_host + \"/solutions/\" + challenge_id + \"/stop\", timeout=20)\n",
                        "print(\"stop test:\", r.status_code, r.content)\n",
                        "r.raise_for_status()"
                  ]
            },
            {
                  "cell_type": "markdown",
                  "metadata": {},
                  "source": [
                        "### Stop the Challenge using the API\n",
                        "\n",
                        "When finishing testing (manually or automatically), use this API to stop the challenge."
                  ]
            },
            {
                  "cell_type": "code",
                  "execution_count": 18,
                  "metadata": {},
                  "outputs": [
                        {
                              "name": "stdout",
                              "output_type": "stream",
                              "text": [
                                    "stop challenge: 200 b'{\"message\":\"Stopping challenge\"}'\n"
                              ]
                        }
                  ],
                  "source": [
                        "r = s.post(deployer_host + \"/challenges/\" + challenge_id + \"/stop\", timeout=20)\n",
                        "print(\"stop challenge:\", r.status_code, r.content)\n",
                        "r.raise_for_status()"
                  ]
            },
            {
                  "cell_type": "markdown",
                  "metadata": {},
                  "source": [
                        "### Get Logs of the Challenge Instance\n",
                        "\n",
                        "Use this API to extract the logs for running the challenge.\n"
                  ]
            },
            {
                  "cell_type": "code",
                  "execution_count": 77,
                  "metadata": {},
                  "outputs": [
                        {
                              "name": "stdout",
                              "output_type": "stream",
                              "text": [
                                    "Successfully fetched logs (status 200):\n",
                                    "200\n",
                                    "\n",
                                    "SYSLINUX 6.04 6.04-pre1 Copyright (C) 1994-2015 H. Peter Anvin et al\n",
                                    "\u001be\u001b%@\u001b)0\u001b(B\u001b[0;37;40m\u001b[?25l\u001b[2J\u001b[22;16H\u001b[0;37;40mAlpine will be booted automatically in \u001b[0;1;37;40m1\u001b[0;37;40m seconds.\u001b[22;16H\u001b[0;37;40m                                                  \u001b[?25h\u001b[23;1H\u001b[0mLoading vmlinuz-virt... ok\n",
                                    "Loading initramfs-virt...ok\n",
                                    "[    0.000000] Linux version 6.6.56-0-virt (buildozer@build-edge-x86_64) (gcc (Alpine 14.2.0) 14.2.0, GNU ld (GNU Binutils) 2.43.1) #1-Alpine SMP PREEMPT_DYNAMIC 2024-10-10 16:45:57\n",
                                    "[    0.000000] Command line: BOOT_IMAGE=vmlinuz-virt root=LABEL=/ modules=sd-mod,usb-storage,ext4 console=ttyS0,115200n8 console=tty0 initrd=initramfs-virt\n",
                                    "[    0.000000] BIOS-provided physical RAM map:\n",
                                    "[    0.000000] BIOS-e820: [mem 0x0000000000000000-0x000000000009fbff] usable\n",
                                    "[    0.000000] BIOS-e820: [mem 0x000000000009fc00-0x000000000009ffff] reserved\n",
                                    "[    0.000000] BIOS-e820: [mem 0x00000000000f0000-0x00000000000fffff] reserved\n",
                                    "[    0.000000] BIOS-e820: [mem 0x0000000000100000-0x000000007a1dcfff] usable\n",
                                    "[    0.000000] BIOS-e820: [mem 0x000000007a1dd000-0x000000007a1fffff] reserved\n",
                                    "[    0.000000] BIOS-e820: [mem 0x00000000b0000000-0x00000000bfffffff] reserved\n",
                                    "[    0.000000] BIOS-e820: [mem 0x00000000fed1c000-0x00000000fed1ffff] reserved\n",
                                    "[    0.000000] BIOS-e820: [mem 0x00000000feffc000-0x00000000feffffff] reserved\n",
                                    "[    0.000000] BIOS-e820: [mem 0x00000000fffc0000-0x00000000ffffffff] reserved\n",
                                    "[    0.000000] NX (Execute Disable) protection: active\n",
                                    "[    0.000000] APIC: Static calls initialized\n",
                                    "[    0.000000] SMBIOS 2.8 present.\n",
                                    "[    0.000000] DMI: KubeVirt None/RHEL, BIOS 1.16.3-2.el9 04/01/2014\n",
                                    "[    0.000000] Hypervisor detected: KVM\n",
                                    "[    0.000000] kvm-clock: Using msrs 4b564d01 and 4b564d00\n",
                                    "[    0.000002] kvm-clock: using sched offset of 3341831781 cycles\n",
                                    "[    0.000004] clocksource: kvm-clock: mask: 0xffffffffffffffff max_cycles: 0x1cd42e4dffb, max_idle_ns: 881590591483 ns\n",
                                    "[    0.000008] tsc: Detected 2299.998 MHz processor\n",
                                    "[    0.000961] last_pfn = 0x7a1dd max_arch_pfn = 0x400000000\n",
                                    "[    0.001358] MTRR map: 4 entries (3 fixed + 1 variable; max 19), built from 8 variable MTRRs\n",
                                    "[    0.001374] x86/PAT: Configuration [0-7]: WB  WC  UC- UC  WB  WP  UC- WT  \n",
                                    "[    0.002052] Using GB pages for direct mapping\n",
                                    "[    0.002188] RAMDISK: [mem 0x798cc000-0x7a1dcfff]\n",
                                    "[    0.002192] ACPI: Early table checksum verification disabled\n",
                                    "[    0.002197] ACPI: RSDP 0x00000000000F51C0 000014 (v00 BOCHS )\n",
                                    "[    0.002203] ACPI: RSDT 0x000000007A1E2976 000034 (v01 BOCHS  BXPC     00000001 BXPC 00000001)\n",
                                    "[    0.002211] ACPI: FACP 0x000000007A1E279E 0000F4 (v03 BOCHS  BXPC     00000001 BXPC 00000001)\n",
                                    "[    0.002218] ACPI: DSDT 0x000000007A1E0040 00275E (v01 BOCHS  BXPC     00000001 BXPC 00000001)\n",
                                    "[    0.002223] ACPI: FACS 0x000000007A1E0000 000040\n",
                                    "[    0.002227] ACPI: APIC 0x000000007A1E2892 000080 (v03 BOCHS  BXPC     00000001 BXPC 00000001)\n",
                                    "[    0.002231] ACPI: MCFG 0x000000007A1E2912 00003C (v01 BOCHS  BXPC     00000001 BXPC 00000001)\n",
                                    "[    0.002235] ACPI: WAET 0x000000007A1E294E 000028 (v01 BOCHS  BXPC     00000001 BXPC 00000001)\n",
                                    "[    0.002238] ACPI: Reserving FACP table memory at [mem 0x7a1e279e-0x7a1e2891]\n",
                                    "[    0.002240] ACPI: Reserving DSDT table memory at [mem 0x7a1e0040-0x7a1e279d]\n",
                                    "[    0.002241] ACPI: Reserving FACS table memory at [mem 0x7a1e0000-0x7a1e003f]\n",
                                    "[    0.002242] ACPI: Reserving APIC table memory at [mem 0x7a1e2892-0x7a1e2911]\n",
                                    "[    0.002243] ACPI: Reserving MCFG table memory at [mem 0x7a1e2912-0x7a1e294d]\n",
                                    "[    0.002244] ACPI: Reserving WAET table memory at [mem 0x7a1e294e-0x7a1e2975]\n",
                                    "[    0.008887] Zone ranges:\n",
                                    "[    0.008890]   DMA      [mem 0x0000000000001000-0x0000000000ffffff]\n",
                                    "[    0.008894]   DMA32    [mem 0x0000000001000000-0x000000007a1dcfff]\n",
                                    "[    0.008896]   Normal   empty\n",
                                    "[    0.008898] Movable zone start for each node\n",
                                    "[    0.008898] Early memory node ranges\n",
                                    "[    0.008899]   node   0: [mem 0x0000000000001000-0x000000000009efff]\n",
                                    "[    0.008901]   node   0: [mem 0x0000000000100000-0x000000007a1dcfff]\n",
                                    "[    0.008951] Initmem setup node 0 [mem 0x0000000000001000-0x000000007a1dcfff]\n",
                                    "[    0.015241] On node 0, zone DMA: 1 pages in unavailable ranges\n",
                                    "[    0.015313] On node 0, zone DMA: 97 pages in unavailable ranges\n",
                                    "[    0.119472] On node 0, zone DMA32: 24099 pages in unavailable ranges\n",
                                    "[    0.133571] ACPI: PM-Timer IO Port: 0x608\n",
                                    "[    0.133617] ACPI: LAPIC_NMI (acpi_id[0xff] dfl dfl lint[0x1])\n",
                                    "[    0.133808] IOAPIC[0]: apic_id 0, version 17, address 0xfec00000, GSI 0-23\n",
                                    "[    0.133813] ACPI: INT_SRC_OVR (bus 0 bus_irq 0 global_irq 2 dfl dfl)\n",
                                    "[    0.133816] ACPI: INT_SRC_OVR (bus 0 bus_irq 5 global_irq 5 high level)\n",
                                    "[    0.133817] ACPI: INT_SRC_OVR (bus 0 bus_irq 9 global_irq 9 high level)\n",
                                    "[    0.133819] ACPI: INT_SRC_OVR (bus 0 bus_irq 10 global_irq 10 high level)\n",
                                    "[    0.133820] ACPI: INT_SRC_OVR (bus 0 bus_irq 11 global_irq 11 high level)\n",
                                    "[    0.133826] ACPI: Using ACPI (MADT) for SMP configuration information\n",
                                    "[    0.133828] TSC deadline timer available\n",
                                    "[    0.133829] smpboot: Allowing 2 CPUs, 0 hotplug CPUs\n",
                                    "[    0.133890] kvm-guest: APIC: eoi() replaced with kvm_guest_apic_eoi_write()\n",
                                    "[    0.133975] [mem 0xc0000000-0xfed1bfff] available for PCI devices\n",
                                    "[    0.133977] Booting paravirtualized kernel on KVM\n",
                                    "[    0.133979] clocksource: refined-jiffies: mask: 0xffffffff max_cycles: 0xffffffff, max_idle_ns: 19112604462750000 ns\n",
                                    "[    0.139245] setup_percpu: NR_CPUS:256 nr_cpumask_bits:2 nr_cpu_ids:2 nr_node_ids:1\n",
                                    "[    0.146609] percpu: Embedded 57 pages/cpu s195560 r8192 d29720 u1048576\n",
                                    "[    0.146802] kvm-guest: PV spinlocks enabled\n",
                                    "[    0.146806] PV qspinlock hash table entries: 256 (order: 0, 4096 bytes, linear)\n",
                                    "[    0.146811] Kernel command line: BOOT_IMAGE=vmlinuz-virt root=LABEL=/ modules=sd-mod,usb-storage,ext4 console=ttyS0,115200n8 console=tty0 initrd=initramfs-virt\n",
                                    "[    0.146880] Unknown kernel command line parameters \"BOOT_IMAGE=vmlinuz-virt modules=sd-mod,usb-storage,ext4\", will be passed to user space.\n",
                                    "[    0.146892] random: crng init done\n",
                                    "[    0.153971] Dentry cache hash table entries: 262144 (order: 9, 2097152 bytes, linear)\n",
                                    "[    0.160887] Inode-cache hash table entries: 131072 (order: 8, 1048576 bytes, linear)\n",
                                    "[    0.161144] Built 1 zonelists, mobility grouping on.  Total pages: 492117\n",
                                    "[    0.168358] mem auto-init: stack:all(zero), heap alloc:on, heap free:off\n",
                                    "[    0.172815] Memory: 1916620K/2000364K available (14336K kernel code, 1823K rwdata, 8368K rodata, 2720K init, 1860K bss, 83484K reserved, 0K cma-reserved)\n",
                                    "[    0.173076] SLUB: HWalign=64, Order=0-3, MinObjects=0, CPUs=2, Nodes=1\n",
                                    "[    0.173092] Kernel/User page tables isolation: enabled\n",
                                    "[    0.174063] Dynamic Preempt: none\n",
                                    "[    0.174099] rcu: Preemptible hierarchical RCU implementation.\n",
                                    "[    0.174100] rcu: \tRCU restricting CPUs from NR_CPUS=256 to nr_cpu_ids=2.\n",
                                    "[    0.174102] \tTrampoline variant of Tasks RCU enabled.\n",
                                    "[    0.174103] \tTracing variant of Tasks RCU enabled.\n",
                                    "[    0.174104] rcu: RCU calculated value of scheduler-enlistment delay is 10 jiffies.\n",
                                    "[    0.174105] rcu: Adjusting geometry for rcu_fanout_leaf=16, nr_cpu_ids=2\n",
                                    "[    0.178163] NR_IRQS: 16640, nr_irqs: 440, preallocated irqs: 16\n",
                                    "[    0.178526] rcu: srcu_init: Setting srcu_struct sizes based on contention.\n",
                                    "[    0.178724] kfence: initialized - using 2097152 bytes for 255 objects at 0x(____ptrval____)-0x(____ptrval____)\n",
                                    "[    0.179346] Console: colour *CGA 80x25\n",
                                    "[    0.179351] printk: console [tty0] enabled\n",
                                    "[    0.213803] printk: console [ttyS0] enabled\n",
                                    "[    0.797196] ACPI: Core revision 20230628\n",
                                    "[    0.802119] APIC: Switch to symmetric I/O mode setup\n",
                                    "[    0.809799] x2apic enabled\n",
                                    "[    0.814785] APIC: Switched APIC routing to: physical x2apic\n",
                                    "[    0.827494] clocksource: tsc-early: mask: 0xffffffffffffffff max_cycles: 0x212733415c7, max_idle_ns: 440795236380 ns\n",
                                    "[    0.837455] Calibrating delay loop (skipped) preset value.. 4599.99 BogoMIPS (lpj=22999980)\n",
                                    "[    0.846740] x86/cpu: User Mode Instruction Prevention (UMIP) activated\n",
                                    "[    0.847446] Last level iTLB entries: 4KB 0, 2MB 0, 4MB 0\n",
                                    "[    0.847446] Last level dTLB entries: 4KB 0, 2MB 0, 4MB 0, 1GB 0\n",
                                    "[    0.847446] Spectre V1 : Mitigation: usercopy/swapgs barriers and __user pointer sanitization\n",
                                    "[    0.847446] Spectre V2 : Spectre BHI mitigation: SW BHB clearing on vm exit\n",
                                    "[    0.847446] Spectre V2 : Spectre BHI mitigation: SW BHB clearing on syscall\n",
                                    "[    0.847446] Spectre V2 : Mitigation: IBRS\n",
                                    "[    0.847446] Spectre V2 : Spectre v2 / SpectreRSB mitigation: Filling RSB on context switch\n",
                                    "[    0.847446] Spectre V2 : Spectre v2 / SpectreRSB : Filling RSB on VMEXIT\n",
                                    "[    0.847446] RETBleed: Mitigation: IBRS\n",
                                    "[    0.847446] Spectre V2 : mitigation: Enabling conditional Indirect Branch Prediction Barrier\n",
                                    "[    0.847446] Speculative Store Bypass: Mitigation: Speculative Store Bypass disabled via prctl\n",
                                    "[    0.847446] MDS: Mitigation: Clear CPU buffers\n",
                                    "[    0.847446] MMIO Stale Data: Unknown: No mitigations\n",
                                    "[    0.847446] SRBDS: Unknown: Dependent on hypervisor status\n",
                                    "[    0.847446] x86/fpu: Supporting XSAVE feature 0x001: 'x87 floating point registers'\n",
                                    "[    0.847446] x86/fpu: Supporting XSAVE feature 0x002: 'SSE registers'\n",
                                    "[    0.847446] x86/fpu: Supporting XSAVE feature 0x004: 'AVX registers'\n",
                                    "[    0.847446] x86/fpu: xstate_offset[2]:  576, xstate_sizes[2]:  256\n",
                                    "[    0.847446] x86/fpu: Enabled xstate features 0x7, context size is 832 bytes, using 'standard' format.\n",
                                    "[    0.847446] Freeing SMP alternatives memory: 36K\n",
                                    "[    0.847446] pid_max: default: 32768 minimum: 301\n",
                                    "[    0.847446] LSM: initializing lsm=lockdown,capability,landlock,integrity\n",
                                    "[    0.847446] landlock: Up and running.\n",
                                    "[    0.847446] Mount-cache hash table entries: 4096 (order: 3, 32768 bytes, linear)\n",
                                    "[    0.847446] Mountpoint-cache hash table entries: 4096 (order: 3, 32768 bytes, linear)\n",
                                    "[    0.847446] smpboot: CPU0: Intel Core Processor (Haswell, no TSX, IBRS) (family: 0x6, model: 0x3c, stepping: 0x1)\n",
                                    "[    0.847679] RCU Tasks: Setting shift to 1 and lim to 1 rcu_task_cb_adjust=1.\n",
                                    "[    0.856933] RCU Tasks Trace: Setting shift to 1 and lim to 1 rcu_task_cb_adjust=1.\n",
                                    "[    0.857534] Performance Events: unsupported p6 CPU model 60 no PMU driver, software events only.\n",
                                    "[    0.867662] signal: max sigframe size: 1776\n",
                                    "[    0.873240] rcu: Hierarchical SRCU implementation.\n",
                                    "[    0.877476] rcu: \tMax phase no-delay instances is 1000.\n",
                                    "[    0.884221] NMI watchdog: Perf NMI watchdog permanently disabled\n",
                                    "[    0.887563] smp: Bringing up secondary CPUs ...\n",
                                    "[    0.892162] smpboot: x86: Booting SMP configuration:\n",
                                    "[    0.897234] .... node  #0, CPUs:      #1\n",
                                    "[    0.898370] smp: Brought up 1 node, 2 CPUs\n",
                                    "[    0.907479] smpboot: Max logical packages: 1\n",
                                    "[    0.911505] ----------------\n",
                                    "[    0.914895] | NMI testsuite:\n",
                                    "[    0.917476] --------------------\n",
                                    "[    0.921170]   remote IPI:  ok  |\n",
                                    "[    0.924636]    local IPI:  ok  |\n",
                                    "[    0.927505] --------------------\n",
                                    "[    0.930931] Good, all   2 testcases passed! |\n",
                                    "[    0.935387] ---------------------------------\n",
                                    "[    0.937470] smpboot: Total of 2 processors activated (9199.99 BogoMIPS)\n",
                                    "[    0.945430] devtmpfs: initialized\n",
                                    "[    0.947542] x86/mm: Memory block size: 128MB\n",
                                    "[    0.952466] clocksource: jiffies: mask: 0xffffffff max_cycles: 0xffffffff, max_idle_ns: 19112604462750000 ns\n",
                                    "[    0.957495] futex hash table entries: 512 (order: 3, 32768 bytes, linear)\n",
                                    "[    0.968559] NET: Registered PF_NETLINK/PF_ROUTE protocol family\n",
                                    "[    0.974967] audit: initializing netlink subsys (disabled)\n",
                                    "[    0.977559] audit: type=2000 audit(1747691812.064:1): state=initialized audit_enabled=0 res=1\n",
                                    "[    0.977648] thermal_sys: Registered thermal governor 'step_wise'\n",
                                    "[    0.986603] cpuidle: using governor ladder\n",
                                    "[    0.991890] cpuidle: using governor menu\n",
                                    "[    0.996214] acpiphp: ACPI Hot Plug PCI Controller Driver version: 0.5\n",
                                    "[    0.998081] PCI: MMCONFIG for domain 0000 [bus 00-ff] at [mem 0xb0000000-0xbfffffff] (base 0xb0000000)\n",
                                    "[    1.006939] PCI: MMCONFIG at [mem 0xb0000000-0xbfffffff] reserved as E820 entry\n",
                                    "[    1.007485] PCI: Using configuration type 1 for base access\n",
                                    "[    1.013444] kprobes: kprobe jump-optimization is enabled. All kprobes are optimized if possible.\n",
                                    "[    1.017628] HugeTLB: registered 1.00 GiB page size, pre-allocated 0 pages\n",
                                    "[    1.024181] HugeTLB: 16380 KiB vmemmap can be freed for a 1.00 GiB page\n",
                                    "[    1.027476] HugeTLB: registered 2.00 MiB page size, pre-allocated 0 pages\n",
                                    "[    1.033751] HugeTLB: 28 KiB vmemmap can be freed for a 2.00 MiB page\n",
                                    "[    1.037614] ACPI: Added _OSI(Module Device)\n",
                                    "[    1.041554] ACPI: Added _OSI(Processor Device)\n",
                                    "[    1.045772] ACPI: Added _OSI(3.0 _SCP Extensions)\n",
                                    "[    1.047473] ACPI: Added _OSI(Processor Aggregator Device)\n",
                                    "[    1.058642] ACPI: 1 ACPI AML tables successfully acquired and loaded\n",
                                    "[    1.067566] ACPI: _OSC evaluation for CPUs failed, trying _PDC\n",
                                    "[    1.073800] ACPI: Interpreter enabled\n",
                                    "[    1.077313] ACPI: PM: (supports S0 S5)\n",
                                    "[    1.080732] ACPI: Using IOAPIC for interrupt routing\n",
                                    "[    1.085764] PCI: Using host bridge windows from ACPI; if necessary, use \"pci=nocrs\" and report a bug\n",
                                    "[    1.087475] PCI: Using E820 reservations for host bridge windows\n",
                                    "[    1.094209] ACPI: Enabled 2 GPEs in block 00 to 3F\n",
                                    "[    1.102004] ACPI: PCI Root Bridge [PCI0] (domain 0000 [bus 00-ff])\n",
                                    "[    1.107485] acpi PNP0A08:00: _OSC: OS supports [ExtendedConfig ASPM ClockPM Segments MSI HPX-Type3]\n",
                                    "[    1.115759] acpi PNP0A08:00: _OSC: platform does not support [PCIeHotplug LTR]\n",
                                    "[    1.117575] acpi PNP0A08:00: _OSC: OS now controls [PME PCIeCapability]\n",
                                    "[    1.124716] PCI host bridge to bus 0000:00\n",
                                    "[    1.127472] pci_bus 0000:00: root bus resource [io  0x0000-0x0cf7 window]\n",
                                    "[    1.133649] pci_bus 0000:00: root bus resource [io  0x0d00-0xffff window]\n",
                                    "[    1.137472] pci_bus 0000:00: root bus resource [mem 0x000a0000-0x000bffff window]\n",
                                    "[    1.144731] pci_bus 0000:00: root bus resource [mem 0x7a200000-0xafffffff window]\n",
                                    "[    1.147481] pci_bus 0000:00: root bus resource [mem 0xc0000000-0xfebfffff window]\n",
                                    "[    1.154702] pci_bus 0000:00: root bus resource [mem 0x100000000-0x8ffffffff window]\n",
                                    "[    1.157472] pci_bus 0000:00: root bus resource [bus 00-ff]\n",
                                    "[    1.162933] pci 0000:00:00.0: [8086:29c0] type 00 class 0x060000\n",
                                    "[    1.170923] pci 0000:00:01.0: [1b36:000c] type 01 class 0x060400\n",
                                    "[    1.180490] pci 0000:00:01.0: reg 0x10: [mem 0xfd600000-0xfd600fff]\n",
                                    "[    1.201502] pci 0000:00:01.1: [1b36:000c] type 01 class 0x060400\n",
                                    "[    1.210966] pci 0000:00:01.1: reg 0x10: [mem 0xfd601000-0xfd601fff]\n",
                                    "[    1.228177] pci 0000:00:01.2: [1b36:000c] type 01 class 0x060400\n",
                                    "[    1.238850] pci 0000:00:01.2: reg 0x10: [mem 0xfd602000-0xfd602fff]\n",
                                    "[    1.262798] pci 0000:00:01.3: [1b36:000c] type 01 class 0x060400\n",
                                    "[    1.271811] pci 0000:00:01.3: reg 0x10: [mem 0xfd603000-0xfd603fff]\n",
                                    "[    1.290113] pci 0000:00:01.4: [1b36:000c] type 01 class 0x060400\n",
                                    "[    1.300381] pci 0000:00:01.4: reg 0x10: [mem 0xfd604000-0xfd604fff]\n",
                                    "[    1.319988] pci 0000:00:01.5: [1b36:000c] type 01 class 0x060400\n",
                                    "[    1.328406] pci 0000:00:01.5: reg 0x10: [mem 0xfd605000-0xfd605fff]\n",
                                    "[    1.344577] pci 0000:00:01.6: [1b36:000c] type 01 class 0x060400\n",
                                    "[    1.350772] pci 0000:00:01.6: reg 0x10: [mem 0xfd606000-0xfd606fff]\n",
                                    "[    1.369651] pci 0000:00:01.7: [1b36:000c] type 01 class 0x060400\n",
                                    "[    1.377470] pci 0000:00:01.7: reg 0x10: [mem 0xfd607000-0xfd607fff]\n",
                                    "[    1.395181] pci 0000:00:02.0: [1b36:000c] type 01 class 0x060400\n",
                                    "[    1.401506] pci 0000:00:02.0: reg 0x10: [mem 0xfd608000-0xfd608fff]\n",
                                    "[    1.418856] pci 0000:00:02.1: [1b36:000c] type 01 class 0x060400\n",
                                    "[    1.427470] pci 0000:00:02.1: reg 0x10: [mem 0xfd609000-0xfd609fff]\n",
                                    "[    1.447048] pci 0000:00:1f.0: [8086:2918] type 00 class 0x060100\n",
                                    "[    1.451419] pci 0000:00:1f.0: quirk: [io  0x0600-0x067f] claimed by ICH6 ACPI/GPIO/TCO\n",
                                    "[    1.458970] pci 0000:00:1f.2: [8086:2922] type 00 class 0x010601\n",
                                    "[    1.474162] pci 0000:00:1f.2: reg 0x20: [io  0xc040-0xc05f]\n",
                                    "[    1.479204] pci 0000:00:1f.2: reg 0x24: [mem 0xfd60a000-0xfd60afff]\n",
                                    "[    1.489258] pci 0000:00:1f.3: [8086:2930] type 00 class 0x0c0500\n",
                                    "[    1.500482] pci 0000:00:1f.3: reg 0x20: [io  0x0700-0x073f]\n",
                                    "[    1.511780] acpiphp: Slot [0] registered\n",
                                    "[    1.516346] pci 0000:01:00.0: [1af4:1041] type 00 class 0x020000\n",
                                    "[    1.521154] pci 0000:01:00.0: reg 0x14: [mem 0xfd400000-0xfd400fff]\n",
                                    "[    1.532820] pci 0000:01:00.0: reg 0x20: [mem 0xfea00000-0xfea03fff 64bit pref]\n",
                                    "[    1.546873] pci 0000:00:01.0: PCI bridge to [bus 01]\n",
                                    "[    1.547676] pci 0000:00:01.0:   bridge window [mem 0xfd400000-0xfd5fffff]\n",
                                    "[    1.553378] pci 0000:00:01.0:   bridge window [mem 0xfea00000-0xfebfffff 64bit pref]\n",
                                    "[    1.559585] acpiphp: Slot [0-2] registered\n",
                                    "[    1.563178] pci 0000:00:01.1: PCI bridge to [bus 02]\n",
                                    "[    1.567688] pci 0000:00:01.1:   bridge window [mem 0xfd200000-0xfd3fffff]\n",
                                    "[    1.573358] pci 0000:00:01.1:   bridge window [mem 0xfe800000-0xfe9fffff 64bit pref]\n",
                                    "[    1.579684] acpiphp: Slot [0-3] registered\n",
                                    "[    1.583261] pci 0000:00:01.2: PCI bridge to [bus 03]\n",
                                    "[    1.587570] pci 0000:00:01.2:   bridge window [mem 0xfd000000-0xfd1fffff]\n",
                                    "[    1.593152] pci 0000:00:01.2:   bridge window [mem 0xfe600000-0xfe7fffff 64bit pref]\n",
                                    "[    1.599594] acpiphp: Slot [0-4] registered\n",
                                    "[    1.603225] pci 0000:00:01.3: PCI bridge to [bus 04]\n",
                                    "[    1.607467] pci 0000:00:01.3:   bridge window [mem 0xfce00000-0xfcffffff]\n",
                                    "[    1.614116] pci 0000:00:01.3:   bridge window [mem 0xfe400000-0xfe5fffff 64bit pref]\n",
                                    "[    1.619759] acpiphp: Slot [0-5] registered\n",
                                    "[    1.625255] pci 0000:05:00.0: [1af4:1048] type 00 class 0x010000\n",
                                    "[    1.631132] pci 0000:05:00.0: reg 0x14: [mem 0xfcc00000-0xfcc00fff]\n",
                                    "[    1.642356] pci 0000:05:00.0: reg 0x20: [mem 0xfe200000-0xfe203fff 64bit pref]\n",
                                    "[    1.657917] pci 0000:00:01.4: PCI bridge to [bus 05]\n",
                                    "[    1.663583] pci 0000:00:01.4:   bridge window [mem 0xfcc00000-0xfcdfffff]\n",
                                    "[    1.667684] pci 0000:00:01.4:   bridge window [mem 0xfe200000-0xfe3fffff 64bit pref]\n",
                                    "[    1.676212] acpiphp: Slot [0-6] registered\n",
                                    "[    1.678549] pci 0000:06:00.0: [1af4:1043] type 00 class 0x078000\n",
                                    "[    1.687481] pci 0000:06:00.0: reg 0x14: [mem 0xfca00000-0xfca00fff]\n",
                                    "[    1.698570] pci 0000:06:00.0: reg 0x20: [mem 0xfe000000-0xfe003fff 64bit pref]\n",
                                    "[    1.715778] pci 0000:00:01.5: PCI bridge to [bus 06]\n",
                                    "[    1.717696] pci 0000:00:01.5:   bridge window [mem 0xfca00000-0xfcbfffff]\n",
                                    "[    1.723786] pci 0000:00:01.5:   bridge window [mem 0xfe000000-0xfe1fffff 64bit pref]\n",
                                    "[    1.730038] acpiphp: Slot [0-7] registered\n",
                                    "[    1.735033] pci 0000:07:00.0: [1af4:1042] type 00 class 0x010000\n",
                                    "[    1.741468] pci 0000:07:00.0: reg 0x14: [mem 0xfc800000-0xfc800fff]\n",
                                    "[    1.752904] pci 0000:07:00.0: reg 0x20: [mem 0xfde00000-0xfde03fff 64bit pref]\n",
                                    "[    1.767940] pci 0000:00:01.6: PCI bridge to [bus 07]\n",
                                    "[    1.772417] pci 0000:00:01.6:   bridge window [mem 0xfc800000-0xfc9fffff]\n",
                                    "[    1.777700] pci 0000:00:01.6:   bridge window [mem 0xfde00000-0xfdffffff 64bit pref]\n",
                                    "[    1.786819] acpiphp: Slot [0-8] registered\n",
                                    "[    1.788553] pci 0000:08:00.0: [1af4:1042] type 00 class 0x010000\n",
                                    "[    1.797470] pci 0000:08:00.0: reg 0x14: [mem 0xfc600000-0xfc600fff]\n",
                                    "[    1.808637] pci 0000:08:00.0: reg 0x20: [mem 0xfdc00000-0xfdc03fff 64bit pref]\n",
                                    "[    1.824819] pci 0000:00:01.7: PCI bridge to [bus 08]\n",
                                    "[    1.827738] pci 0000:00:01.7:   bridge window [mem 0xfc600000-0xfc7fffff]\n",
                                    "[    1.833704] pci 0000:00:01.7:   bridge window [mem 0xfdc00000-0xfddfffff 64bit pref]\n",
                                    "[    1.839635] acpiphp: Slot [0-9] registered\n",
                                    "[    1.844144] pci 0000:09:00.0: [1af4:1045] type 00 class 0x00ff00\n",
                                    "[    1.854006] pci 0000:09:00.0: reg 0x20: [mem 0xfda00000-0xfda03fff 64bit pref]\n",
                                    "[    1.866386] pci 0000:00:02.0: PCI bridge to [bus 09]\n",
                                    "[    1.867690] pci 0000:00:02.0:   bridge window [mem 0xfc400000-0xfc5fffff]\n",
                                    "[    1.873512] pci 0000:00:02.0:   bridge window [mem 0xfda00000-0xfdbfffff 64bit pref]\n",
                                    "[    1.879789] acpiphp: Slot [0-10] registered\n",
                                    "[    1.883572] pci 0000:00:02.1: PCI bridge to [bus 0a]\n",
                                    "[    1.887737] pci 0000:00:02.1:   bridge window [mem 0xfc200000-0xfc3fffff]\n",
                                    "[    1.894281] pci 0000:00:02.1:   bridge window [mem 0xfd800000-0xfd9fffff 64bit pref]\n",
                                    "[    1.910161] ACPI: PCI: Interrupt link LNKA configured for IRQ 10\n",
                                    "[    1.917491] ACPI: PCI: Interrupt link LNKB configured for IRQ 10\n",
                                    "[    1.923044] ACPI: PCI: Interrupt link LNKC configured for IRQ 11\n",
                                    "[    1.927848] ACPI: PCI: Interrupt link LNKD configured for IRQ 11\n",
                                    "[    1.933474] ACPI: PCI: Interrupt link LNKE configured for IRQ 10\n",
                                    "[    1.937819] ACPI: PCI: Interrupt link LNKF configured for IRQ 10\n",
                                    "[    1.943310] ACPI: PCI: Interrupt link LNKG configured for IRQ 11\n",
                                    "[    1.947827] ACPI: PCI: Interrupt link LNKH configured for IRQ 11\n",
                                    "[    1.954254] ACPI: PCI: Interrupt link GSIA configured for IRQ 16\n",
                                    "[    1.957505] ACPI: PCI: Interrupt link GSIB configured for IRQ 17\n",
                                    "[    1.962453] ACPI: PCI: Interrupt link GSIC configured for IRQ 18\n",
                                    "[    1.967701] ACPI: PCI: Interrupt link GSID configured for IRQ 19\n",
                                    "[    1.973752] ACPI: PCI: Interrupt link GSIE configured for IRQ 20\n",
                                    "[    1.977499] ACPI: PCI: Interrupt link GSIF configured for IRQ 21\n",
                                    "[    1.982654] ACPI: PCI: Interrupt link GSIG configured for IRQ 22\n",
                                    "[    1.987505] ACPI: PCI: Interrupt link GSIH configured for IRQ 23\n",
                                    "[    1.994758] iommu: Default domain type: Translated\n",
                                    "[    1.997486] iommu: DMA domain TLB invalidation policy: lazy mode\n",
                                    "[    2.003936] SCSI subsystem initialized\n",
                                    "[    2.007529] pps_core: LinuxPPS API ver. 1 registered\n",
                                    "[    2.014013] pps_core: Software ver. 5.3.6 - Copyright 2005-2007 Rodolfo Giometti <giometti@linux.it>\n",
                                    "[    2.017514] PTP clock support registered\n",
                                    "[    2.022285] PCI: Using ACPI for IRQ routing\n",
                                    "[    2.541085] clocksource: Switched to clocksource kvm-clock\n",
                                    "[    2.543303] VFS: Disk quotas dquot_6.6.0\n",
                                    "[    2.546862] VFS: Dquot-cache hash table entries: 512 (order 0, 4096 bytes)\n",
                                    "[    2.552618] pnp: PnP ACPI init\n",
                                    "[    2.555501] system 00:04: [mem 0xb0000000-0xbfffffff window] has been reserved\n",
                                    "[    2.561870] pnp: PnP ACPI: found 5 devices\n",
                                    "[    2.577713] clocksource: acpi_pm: mask: 0xffffff max_cycles: 0xffffff, max_idle_ns: 2085701024 ns\n",
                                    "[    2.587270] NET: Registered PF_INET protocol family\n",
                                    "[    2.599015] IP idents hash table entries: 32768 (order: 6, 262144 bytes, linear)\n",
                                    "[    2.607619] tcp_listen_portaddr_hash hash table entries: 1024 (order: 2, 16384 bytes, linear)\n",
                                    "[    2.616686] Table-perturb hash table entries: 65536 (order: 6, 262144 bytes, linear)\n",
                                    "[    2.625007] TCP established hash table entries: 16384 (order: 5, 131072 bytes, linear)\n",
                                    "[    2.634723] TCP bind hash table entries: 16384 (order: 7, 524288 bytes, linear)\n",
                                    "[    2.646720] TCP: Hash tables configured (established 16384 bind 16384)\n",
                                    "[    2.655549] MPTCP token hash table entries: 2048 (order: 3, 49152 bytes, linear)\n",
                                    "[    2.667032] UDP hash table entries: 1024 (order: 3, 32768 bytes, linear)\n",
                                    "[    2.676131] UDP-Lite hash table entries: 1024 (order: 3, 32768 bytes, linear)\n",
                                    "[    2.683428] NET: Registered PF_UNIX/PF_LOCAL protocol family\n",
                                    "[    2.688098] NET: Registered PF_XDP protocol family\n",
                                    "[    2.692230] pci 0000:00:01.0: bridge window [io  0x1000-0x0fff] to [bus 01] add_size 1000\n",
                                    "[    2.698705] pci 0000:00:01.1: bridge window [io  0x1000-0x0fff] to [bus 02] add_size 1000\n",
                                    "[    2.705465] pci 0000:00:01.2: bridge window [io  0x1000-0x0fff] to [bus 03] add_size 1000\n",
                                    "[    2.712081] pci 0000:00:01.3: bridge window [io  0x1000-0x0fff] to [bus 04] add_size 1000\n",
                                    "[    2.718763] pci 0000:00:01.4: bridge window [io  0x1000-0x0fff] to [bus 05] add_size 1000\n",
                                    "[    2.726255] pci 0000:00:01.5: bridge window [io  0x1000-0x0fff] to [bus 06] add_size 1000\n",
                                    "[    2.733081] pci 0000:00:01.6: bridge window [io  0x1000-0x0fff] to [bus 07] add_size 1000\n",
                                    "[    2.739621] pci 0000:00:01.7: bridge window [io  0x1000-0x0fff] to [bus 08] add_size 1000\n",
                                    "[    2.746275] pci 0000:00:02.0: bridge window [io  0x1000-0x0fff] to [bus 09] add_size 1000\n",
                                    "[    2.752979] pci 0000:00:02.1: bridge window [io  0x1000-0x0fff] to [bus 0a] add_size 1000\n",
                                    "[    2.759569] pci 0000:00:01.0: BAR 13: assigned [io  0x1000-0x1fff]\n",
                                    "[    2.764637] pci 0000:00:01.1: BAR 13: assigned [io  0x2000-0x2fff]\n",
                                    "[    2.769960] pci 0000:00:01.2: BAR 13: assigned [io  0x3000-0x3fff]\n",
                                    "[    2.775233] pci 0000:00:01.3: BAR 13: assigned [io  0x4000-0x4fff]\n",
                                    "[    2.780992] pci 0000:00:01.4: BAR 13: assigned [io  0x5000-0x5fff]\n",
                                    "[    2.786205] pci 0000:00:01.5: BAR 13: assigned [io  0x6000-0x6fff]\n",
                                    "[    2.791638] pci 0000:00:01.6: BAR 13: assigned [io  0x7000-0x7fff]\n",
                                    "[    2.797322] pci 0000:00:01.7: BAR 13: assigned [io  0x8000-0x8fff]\n",
                                    "[    2.802547] pci 0000:00:02.0: BAR 13: assigned [io  0x9000-0x9fff]\n",
                                    "[    2.807581] pci 0000:00:02.1: BAR 13: assigned [io  0xa000-0xafff]\n",
                                    "[    2.812745] pci 0000:00:01.0: PCI bridge to [bus 01]\n",
                                    "[    2.816951] pci 0000:00:01.0:   bridge window [io  0x1000-0x1fff]\n",
                                    "[    2.825398] pci 0000:00:01.0:   bridge window [mem 0xfd400000-0xfd5fffff]\n",
                                    "[    2.833742] pci 0000:00:01.0:   bridge window [mem 0xfea00000-0xfebfffff 64bit pref]\n",
                                    "[    2.843396] pci 0000:00:01.1: PCI bridge to [bus 02]\n",
                                    "[    2.847525] pci 0000:00:01.1:   bridge window [io  0x2000-0x2fff]\n",
                                    "[    2.855897] pci 0000:00:01.1:   bridge window [mem 0xfd200000-0xfd3fffff]\n",
                                    "[    2.864019] pci 0000:00:01.1:   bridge window [mem 0xfe800000-0xfe9fffff 64bit pref]\n",
                                    "[    2.873266] pci 0000:00:01.2: PCI bridge to [bus 03]\n",
                                    "[    2.877448] pci 0000:00:01.2:   bridge window [io  0x3000-0x3fff]\n",
                                    "[    2.884307] pci 0000:00:01.2:   bridge window [mem 0xfd000000-0xfd1fffff]\n",
                                    "[    2.891995] pci 0000:00:01.2:   bridge window [mem 0xfe600000-0xfe7fffff 64bit pref]\n",
                                    "[    2.901133] pci 0000:00:01.3: PCI bridge to [bus 04]\n",
                                    "[    2.905441] pci 0000:00:01.3:   bridge window [io  0x4000-0x4fff]\n",
                                    "[    2.911887] pci 0000:00:01.3:   bridge window [mem 0xfce00000-0xfcffffff]\n",
                                    "[    2.919441] pci 0000:00:01.3:   bridge window [mem 0xfe400000-0xfe5fffff 64bit pref]\n",
                                    "[    2.927886] pci 0000:00:01.4: PCI bridge to [bus 05]\n",
                                    "[    2.932529] pci 0000:00:01.4:   bridge window [io  0x5000-0x5fff]\n",
                                    "[    2.939028] pci 0000:00:01.4:   bridge window [mem 0xfcc00000-0xfcdfffff]\n",
                                    "[    2.946636] pci 0000:00:01.4:   bridge window [mem 0xfe200000-0xfe3fffff 64bit pref]\n",
                                    "[    2.955523] pci 0000:00:01.5: PCI bridge to [bus 06]\n",
                                    "[    2.960083] pci 0000:00:01.5:   bridge window [io  0x6000-0x6fff]\n",
                                    "[    2.966845] pci 0000:00:01.5:   bridge window [mem 0xfca00000-0xfcbfffff]\n",
                                    "[    2.974381] pci 0000:00:01.5:   bridge window [mem 0xfe000000-0xfe1fffff 64bit pref]\n",
                                    "[    2.982157] pci 0000:00:01.6: PCI bridge to [bus 07]\n",
                                    "[    2.986380] pci 0000:00:01.6:   bridge window [io  0x7000-0x7fff]\n",
                                    "[    2.992655] pci 0000:00:01.6:   bridge window [mem 0xfc800000-0xfc9fffff]\n",
                                    "[    2.999155] pci 0000:00:01.6:   bridge window [mem 0xfde00000-0xfdffffff 64bit pref]\n",
                                    "[    3.007836] pci 0000:00:01.7: PCI bridge to [bus 08]\n",
                                    "[    3.012099] pci 0000:00:01.7:   bridge window [io  0x8000-0x8fff]\n",
                                    "[    3.018462] pci 0000:00:01.7:   bridge window [mem 0xfc600000-0xfc7fffff]\n",
                                    "[    3.025889] pci 0000:00:01.7:   bridge window [mem 0xfdc00000-0xfddfffff 64bit pref]\n",
                                    "[    3.033746] pci 0000:00:02.0: PCI bridge to [bus 09]\n",
                                    "[    3.037897] pci 0000:00:02.0:   bridge window [io  0x9000-0x9fff]\n",
                                    "[    3.044185] pci 0000:00:02.0:   bridge window [mem 0xfc400000-0xfc5fffff]\n",
                                    "[    3.050827] pci 0000:00:02.0:   bridge window [mem 0xfda00000-0xfdbfffff 64bit pref]\n",
                                    "[    3.060172] pci 0000:00:02.1: PCI bridge to [bus 0a]\n",
                                    "[    3.064741] pci 0000:00:02.1:   bridge window [io  0xa000-0xafff]\n",
                                    "[    3.071102] pci 0000:00:02.1:   bridge window [mem 0xfc200000-0xfc3fffff]\n",
                                    "[    3.078697] pci 0000:00:02.1:   bridge window [mem 0xfd800000-0xfd9fffff 64bit pref]\n",
                                    "[    3.087207] pci_bus 0000:00: resource 4 [io  0x0000-0x0cf7 window]\n",
                                    "[    3.093015] pci_bus 0000:00: resource 5 [io  0x0d00-0xffff window]\n",
                                    "[    3.099963] pci_bus 0000:00: resource 6 [mem 0x000a0000-0x000bffff window]\n",
                                    "[    3.107467] pci_bus 0000:00: resource 7 [mem 0x7a200000-0xafffffff window]\n",
                                    "[    3.114977] pci_bus 0000:00: resource 8 [mem 0xc0000000-0xfebfffff window]\n",
                                    "[    3.122262] pci_bus 0000:00: resource 9 [mem 0x100000000-0x8ffffffff window]\n",
                                    "[    3.129052] pci_bus 0000:01: resource 0 [io  0x1000-0x1fff]\n",
                                    "[    3.133832] pci_bus 0000:01: resource 1 [mem 0xfd400000-0xfd5fffff]\n",
                                    "[    3.139151] pci_bus 0000:01: resource 2 [mem 0xfea00000-0xfebfffff 64bit pref]\n",
                                    "[    3.144909] pci_bus 0000:02: resource 0 [io  0x2000-0x2fff]\n",
                                    "[    3.149490] pci_bus 0000:02: resource 1 [mem 0xfd200000-0xfd3fffff]\n",
                                    "[    3.154559] pci_bus 0000:02: resource 2 [mem 0xfe800000-0xfe9fffff 64bit pref]\n",
                                    "[    3.160720] pci_bus 0000:03: resource 0 [io  0x3000-0x3fff]\n",
                                    "[    3.165273] pci_bus 0000:03: resource 1 [mem 0xfd000000-0xfd1fffff]\n",
                                    "[    3.170463] pci_bus 0000:03: resource 2 [mem 0xfe600000-0xfe7fffff 64bit pref]\n",
                                    "[    3.177115] pci_bus 0000:04: resource 0 [io  0x4000-0x4fff]\n",
                                    "[    3.182435] pci_bus 0000:04: resource 1 [mem 0xfce00000-0xfcffffff]\n",
                                    "[    3.188535] pci_bus 0000:04: resource 2 [mem 0xfe400000-0xfe5fffff 64bit pref]\n",
                                    "[    3.195289] pci_bus 0000:05: resource 0 [io  0x5000-0x5fff]\n",
                                    "[    3.200265] pci_bus 0000:05: resource 1 [mem 0xfcc00000-0xfcdfffff]\n",
                                    "[    3.205401] pci_bus 0000:05: resource 2 [mem 0xfe200000-0xfe3fffff 64bit pref]\n",
                                    "[    3.211301] pci_bus 0000:06: resource 0 [io  0x6000-0x6fff]\n",
                                    "[    3.215864] pci_bus 0000:06: resource 1 [mem 0xfca00000-0xfcbfffff]\n",
                                    "[    3.221342] pci_bus 0000:06: resource 2 [mem 0xfe000000-0xfe1fffff 64bit pref]\n",
                                    "[    3.228277] pci_bus 0000:07: resource 0 [io  0x7000-0x7fff]\n",
                                    "[    3.233071] pci_bus 0000:07: resource 1 [mem 0xfc800000-0xfc9fffff]\n",
                                    "[    3.238112] pci_bus 0000:07: resource 2 [mem 0xfde00000-0xfdffffff 64bit pref]\n",
                                    "[    3.243896] pci_bus 0000:08: resource 0 [io  0x8000-0x8fff]\n",
                                    "[    3.248474] pci_bus 0000:08: resource 1 [mem 0xfc600000-0xfc7fffff]\n",
                                    "[    3.253611] pci_bus 0000:08: resource 2 [mem 0xfdc00000-0xfddfffff 64bit pref]\n",
                                    "[    3.259437] pci_bus 0000:09: resource 0 [io  0x9000-0x9fff]\n",
                                    "[    3.264110] pci_bus 0000:09: resource 1 [mem 0xfc400000-0xfc5fffff]\n",
                                    "[    3.269243] pci_bus 0000:09: resource 2 [mem 0xfda00000-0xfdbfffff 64bit pref]\n",
                                    "[    3.275478] pci_bus 0000:0a: resource 0 [io  0xa000-0xafff]\n",
                                    "[    3.280095] pci_bus 0000:0a: resource 1 [mem 0xfc200000-0xfc3fffff]\n",
                                    "[    3.285185] pci_bus 0000:0a: resource 2 [mem 0xfd800000-0xfd9fffff 64bit pref]\n",
                                    "[    3.292507] PCI: CLS 0 bytes, default 64\n",
                                    "[    3.296454] clocksource: tsc: mask: 0xffffffffffffffff max_cycles: 0x212733415c7, max_idle_ns: 440795236380 ns\n",
                                    "[    3.296556] Unpacking initramfs...\n",
                                    "[    3.297175] Initialise system trusted keyrings\n",
                                    "[    3.312968] workingset: timestamp_bits=46 max_order=19 bucket_order=0\n",
                                    "[    3.319738] zbud: loaded\n",
                                    "[    3.322486] Key type asymmetric registered\n",
                                    "[    3.327024] Asymmetric key parser 'x509' registered\n",
                                    "[    3.332356] Block layer SCSI generic (bsg) driver version 0.4 loaded (major 247)\n",
                                    "[    3.340380] io scheduler mq-deadline registered\n",
                                    "[    3.345387] io scheduler kyber registered\n",
                                    "[    3.349997] io scheduler bfq registered\n",
                                    "[    3.354010] ACPI: \\_SB_.GSIF: Enabled at IRQ 21\n",
                                    "[    3.361867] pcieport 0000:00:01.0: PME: Signaling with IRQ 24\n",
                                    "[    3.375522] pcieport 0000:00:01.1: PME: Signaling with IRQ 25\n",
                                    "[    3.389542] pcieport 0000:00:01.2: PME: Signaling with IRQ 26\n",
                                    "[    3.402656] pcieport 0000:00:01.3: PME: Signaling with IRQ 27\n",
                                    "[    3.419967] pcieport 0000:00:01.4: PME: Signaling with IRQ 28\n",
                                    "[    3.433270] pcieport 0000:00:01.5: PME: Signaling with IRQ 29\n",
                                    "[    3.445572] pcieport 0000:00:01.6: PME: Signaling with IRQ 30\n",
                                    "[    3.453542] Freeing initrd memory: 9284K\n",
                                    "[    3.460013] pcieport 0000:00:01.7: PME: Signaling with IRQ 31\n",
                                    "[    3.468315] ACPI: \\_SB_.GSIG: Enabled at IRQ 22\n",
                                    "[    3.476494] pcieport 0000:00:02.0: PME: Signaling with IRQ 32\n",
                                    "[    3.488665] pcieport 0000:00:02.1: PME: Signaling with IRQ 33\n",
                                    "[    3.496415] ERST DBG: ERST support is disabled.\n",
                                    "[    3.539027] Serial: 8250/16550 driver, 4 ports, IRQ sharing enabled\n",
                                    "[    3.545925] 00:00: ttyS0 at I/O 0x3f8 (irq = 4, base_baud = 115200) is a 16550A\n",
                                    "[    3.624269] VMware PVSCSI driver - version 1.0.7.0-k\n",
                                    "[    3.629928] ACPI: \\_SB_.GSIA: Enabled at IRQ 16\n",
                                    "[    3.639187] ahci 0000:00:1f.2: AHCI 0001.0000 32 slots 6 ports 1.5 Gbps 0x3f impl SATA mode\n",
                                    "[    3.648258] ahci 0000:00:1f.2: flags: 64bit ncq only \n",
                                    "[    3.660440] scsi host0: ahci\n",
                                    "[    3.663832] scsi host1: ahci\n",
                                    "[    3.667327] scsi host2: ahci\n",
                                    "[    3.671304] scsi host3: ahci\n",
                                    "[    3.676011] scsi host4: ahci\n",
                                    "[    3.680071] scsi host5: ahci\n",
                                    "[    3.683773] ata1: SATA max UDMA/133 abar m4096@0xfd60a000 port 0xfd60a100 irq 36\n",
                                    "[    3.691915] ata2: SATA max UDMA/133 abar m4096@0xfd60a000 port 0xfd60a180 irq 36\n",
                                    "[    3.699356] ata3: SATA max UDMA/133 abar m4096@0xfd60a000 port 0xfd60a200 irq 36\n",
                                    "[    3.705353] ata4: SATA max UDMA/133 abar m4096@0xfd60a000 port 0xfd60a280 irq 36\n",
                                    "[    3.711358] ata5: SATA max UDMA/133 abar m4096@0xfd60a000 port 0xfd60a300 irq 36\n",
                                    "[    3.718824] ata6: SATA max UDMA/133 abar m4096@0xfd60a000 port 0xfd60a380 irq 36\n",
                                    "[    3.726046] hv_vmbus: registering driver hv_netvsc\n",
                                    "[    3.730296] i8042: PNP: PS/2 Controller [PNP0303:KBD,PNP0f13:MOU] at 0x60,0x64 irq 1,12\n",
                                    "[    3.739974] serio: i8042 KBD port at 0x60,0x64 irq 1\n",
                                    "[    3.744037] serio: i8042 AUX port at 0x60,0x64 irq 12\n",
                                    "[    3.748385] hv_vmbus: registering driver hyperv_keyboard\n",
                                    "[    3.752919] rtc_cmos 00:03: RTC can wake from S4\n",
                                    "[    3.759925] rtc_cmos 00:03: registered as rtc0\n",
                                    "[    3.765259] rtc_cmos 00:03: setting system clock to 2025-05-19T21:56:55 UTC (1747691815)\n",
                                    "[    3.773553] input: AT Translated Set 2 keyboard as /devices/platform/i8042/serio0/input/input0\n",
                                    "[    3.773641] rtc_cmos 00:03: alarms up to one day, y3k, 242 bytes nvram\n",
                                    "[    3.789184] intel_pstate: CPU model not supported\n",
                                    "[    3.795116] gre: GRE over IPv4 demultiplexor driver\n",
                                    "[    3.820178] NET: Registered PF_INET6 protocol family\n",
                                    "[    3.826285] Segment Routing with IPv6\n",
                                    "[    3.829944] In-situ OAM (IOAM) with IPv6\n",
                                    "[    3.834001] Key type dns_resolver registered\n",
                                    "[    3.840246] IPI shorthand broadcast: enabled\n",
                                    "[    3.848413] sched_clock: Marking stable (3181158977, 658896524)->(4284863291, -444807790)\n",
                                    "[    3.860319] registered taskstats version 1\n",
                                    "[    3.865555] Loading compiled-in X.509 certificates\n",
                                    "[    3.878434] Loaded X.509 cert 'alpinelinux.org: Alpine Linux kernel key: f26ad4d9d046747a7387326f273daab5db510ce8'\n",
                                    "[    3.890453] Key type .fscrypt registered\n",
                                    "[    3.894546] Key type fscrypt-provisioning registered\n",
                                    "[    4.051047] ata1: SATA link down (SStatus 0 SControl 300)\n",
                                    "[    4.058727] ata2: SATA link down (SStatus 0 SControl 300)\n",
                                    "[    4.064816] ata5: SATA link down (SStatus 0 SControl 300)\n",
                                    "[    4.072484] ata4: SATA link down (SStatus 0 SControl 300)\n",
                                    "[    4.078983] ata3: SATA link down (SStatus 0 SControl 300)\n",
                                    "[    4.086866] ata6: SATA link down (SStatus 0 SControl 300)\n",
                                    "[    4.094722] Freeing unused kernel image (initmem) memory: 2720K\n",
                                    "[    4.101553] Write protecting the kernel read-only data: 24576k\n",
                                    "[    4.109244] Freeing unused kernel image (rodata/data gap) memory: 1872K\n",
                                    "[    4.116326] rodata_test: all tests were successful\n",
                                    "[    4.121158] Run /init as init process\n",
                                    "[    4.139524] Alpine Init 3.10.2-r1\n",
                                    "[    4.143963] Loading boot drivers...\n",
                                    "[    4.193138] ACPI: bus type USB registered\n",
                                    "[    4.196921] usbcore: registered new interface driver usbfs\n",
                                    "[    4.201421] usbcore: registered new interface driver hub\n",
                                    "[    4.205758] usbcore: registered new device driver usb\n",
                                    "[    4.215191] usbcore: registered new interface driver usb-storage\n",
                                    "[    4.322408] loop: module loaded\n",
                                    "[    4.364207] ACPI: bus type drm_connector registered\n",
                                    "[    4.412898] Loading boot drivers: ok.\n",
                                    "[    4.421258] Mounting root...\n",
                                    "[    4.478455] scsi host6: Virtio SCSI HBA\n",
                                    "[    4.505940] virtio_blk virtio3: 2/0/0 default/read/poll queues\n",
                                    "[    4.515258] virtio_blk virtio3: [vda] 41943040 512-byte logical blocks (21.5 GB/20.0 GiB)\n",
                                    "[    4.539259] virtio_blk virtio4: 2/0/0 default/read/poll queues\n",
                                    "[    4.550165] virtio_blk virtio4: [vdb] 2048 512-byte logical blocks (1.05 MB/1.00 MiB)\n",
                                    "[    4.599777] Free page reporting enabled\n",
                                    "[    4.896929] EXT4-fs (vda): mounted filesystem eb36e071-bfe6-47df-8e30-f59f16d540f1 ro with ordered data mode. Quota mode: none.\n",
                                    "[    4.910012] Mounting root: ok.\n",
                                    "\n",
                                    "Welcome to Alpine Linux 3.21.0_alpha20240923 (edge)\n",
                                    "Kernel 6.6.56-0-virt on an x86_64 (/dev/ttyS0)\n",
                                    "\n",
                                    "challenge login: \n",
                                    "nginx-1           | /docker-entrypoint.sh: /docker-entrypoint.d/ is not empty, will attempt to perform configuration\n",
                                    "nginx-1           | /docker-entrypoint.sh: Looking for shell scripts in /docker-entrypoint.d/\n",
                                    "nginx-1           | /docker-entrypoint.sh: Launching /docker-entrypoint.d/10-listen-on-ipv6-by-default.sh\n",
                                    "nginx-1           | 10-listen-on-ipv6-by-default.sh: info: Getting the checksum of /etc/nginx/conf.d/default.conf\n",
                                    "nginx-1           | 10-listen-on-ipv6-by-default.sh: info: /etc/nginx/conf.d/default.conf differs from the packaged version\n",
                                    "nginx-1           | /docker-entrypoint.sh: Sourcing /docker-entrypoint.d/15-local-resolvers.envsh\n",
                                    "nginx-1           | /docker-entrypoint.sh: Launching /docker-entrypoint.d/20-envsubst-on-templates.sh\n",
                                    "nginx-1           | /docker-entrypoint.sh: Launching /docker-entrypoint.d/30-tune-worker-processes.sh\n",
                                    "nginx-1           | /docker-entrypoint.sh: Configuration complete; ready for start up\n",
                                    "healthcheck-1     | Starting server on 8000\n",
                                    "openssh-server-1  | [migrations] started\n",
                                    "openssh-server-1  | [migrations] no migrations found\n",
                                    "openssh-server-1  | ───────────────────────────────────────\n",
                                    "openssh-server-1  | \n",
                                    "openssh-server-1  |       ██╗     ███████╗██╗ ██████╗\n",
                                    "openssh-server-1  |       ██║     ██╔════╝██║██╔═══██╗\n",
                                    "openssh-server-1  |       ██║     ███████╗██║██║   ██║\n",
                                    "openssh-server-1  |       ██║     ╚════██║██║██║   ██║\n",
                                    "openssh-server-1  |       ███████╗███████║██║╚██████╔╝\n",
                                    "openssh-server-1  |       ╚══════╝╚══════╝╚═╝ ╚═════╝\n",
                                    "openssh-server-1  | \n",
                                    "openssh-server-1  |    Brought to you by linuxserver.io\n",
                                    "openssh-server-1  | ───────────────────────────────────────\n",
                                    "openssh-server-1  | \n",
                                    "openssh-server-1  | To support LSIO projects visit:\n",
                                    "openssh-server-1  | https://www.linuxserver.io/donate/\n",
                                    "openssh-server-1  | \n",
                                    "openssh-server-1  | ───────────────────────────────────────\n",
                                    "openssh-server-1  | GID/UID\n",
                                    "openssh-server-1  | ───────────────────────────────────────\n",
                                    "openssh-server-1  | \n",
                                    "openssh-server-1  | User UID:    1000\n",
                                    "openssh-server-1  | User GID:    1000\n",
                                    "openssh-server-1  | ───────────────────────────────────────\n",
                                    "openssh-server-1  | Linuxserver.io version: 9.7_p1-r4-ls172\n",
                                    "openssh-server-1  | Build-date: 2024-11-10T18:48:18+00:00\n",
                                    "openssh-server-1  | ───────────────────────────────────────\n",
                                    "openssh-server-1  |     \n",
                                    "openssh-server-1  | User name is set to gl\n",
                                    "openssh-server-1  | sudo is disabled.\n",
                                    "openssh-server-1  | ssh-keygen: generating new host keys: RSA ECDSA ED25519 \n",
                                    "openssh-server-1  | SSH host public key(s):\n",
                                    "openssh-server-1  | ecdsa-sha2-nistp256 AAAAE2VjZHNhLXNoYTItbmlzdHAyNTYAAAAIbmlzdHAyNTYAAABBBMbJJjTwz5OXJC3tUEDZGhcEYINQ9Q7031n72M2YmNFGyELVFGjqE6KKtaJqbq3743c6C6mPN2yoS9fpOQKsalo= root@71d2d51a9034\n",
                                    "openssh-server-1  | ssh-ed25519 AAAAC3NzaC1lZDI1NTE5AAAAIJmZ/scI8fhlE4uJudttdXbvXFhZnpJRszqSYdSYj1x1 root@71d2d51a9034\n",
                                    "openssh-server-1  | ssh-rsa AAAAB3NzaC1yc2EAAAADAQABAAABgQDNmWC8+Rtxrb0jjyFB5lwZkFahqvEo7Szgqr+mCqC2bwMJnLjY4xIq3vp39azaxduIYsCwc848nauBkPTjWKdhMUblKS+MVdg+cuxoSbD8nt6o/DnDpIPxzos/637vf1ac3gPbiseOT54UsV+/rz4ZShq46aj/rxLjPRsYEXQaYAeQHqovn3kBlNQoZSRcuoImkcss1wBdXWvGwvuK/NHbBfkxTyBYGGwYv5EXKG2f/mwFgYRkxyT4EJDmplAKWHxWNAGZ3MvL7Gy19LmhkapTfXfIiFBIHf2Txi0KBl1rbNhXI0hvoxNzebq3g1D5IkPMvZq5SyQG8prREmnTRlk+SWqQS8TV8kqiGzAZSuDRKf3T1tRqwozmNREPmUaupPlaHIwQHaUc9+wAw36I38OCapEN9BQVZUC5xdvuV4NiGfivMjzuFU52frqy+r4OQwgT2yVqU49bHORcIUQYZgubDs0VSUmGUdsEBMRGzXz2+TE1Fsa0PhUGN5yXISe5Xxs= root@71d2d51a9034\n",
                                    "openssh-server-1  | sshd is listening on port 2222\n",
                                    "openssh-server-1  | User/password ssh access is enabled.\n",
                                    "openssh-server-1  | [custom-init] No custom files found, skipping...\n",
                                    "mailserver-1      | 2025/05/19 22:02:31 Using in-memory storage\n",
                                    "mailserver-1      | 2025/05/19 22:02:31 Serving under http://0.0.0.0:8025/\n",
                                    "mailserver-1      | [HTTP] Binding to address: 0.0.0.0:8025\n",
                                    "mailserver-1      | Creating API v1 with WebPath: \n",
                                    "mailserver-1      | Creating API v2 with WebPath: \n",
                                    "mailserver-1      | 2025/05/19 22:02:31 [SMTP] Binding to address: 0.0.0.0:1025\n",
                                    "openssh-server-1  | [ls.io-init] done.\n",
                                    "users-1           | Checking mail inbox...\n",
                                    "mailserver-1      | [APIv2] GET /api/v2/messages\n",
                                    "nginx-1           | 10.244.1.1 - - [19/May/2025:22:02:41 +0000] \"GET / HTTP/1.1\" 200 3 \"-\" \"kube-probe/1.31\"\n",
                                    "users-1           | Checking mail inbox...\n",
                                    "mailserver-1      | [APIv2] GET /api/v2/messages\n",
                                    "users-1           | Checking mail inbox...\n",
                                    "mailserver-1      | [APIv2] GET /api/v2/messages\n",
                                    "users-1           | Checking mail inbox...\n",
                                    "mailserver-1      | [APIv2] GET /api/v2/messages\n",
                                    "users-1           | Checking mail inbox...\n",
                                    "mailserver-1      | [APIv2] GET /api/v2/messages\n",
                                    "users-1           | Checking mail inbox...\n",
                                    "mailserver-1      | [APIv2] GET /api/v2/messages\n",
                                    "users-1           | Checking mail inbox...\n",
                                    "mailserver-1      | [APIv2] GET /api/v2/messages\n",
                                    "nginx-1           | 10.244.1.1 - - [19/May/2025:22:03:11 +0000] \"GET / HTTP/1.1\" 200 3 \"-\" \"kube-probe/1.31\"\n",
                                    "users-1           | Checking mail inbox...\n",
                                    "mailserver-1      | [APIv2] GET /api/v2/messages\n",
                                    "users-1           | Checking mail inbox...\n",
                                    "mailserver-1      | [APIv2] GET /api/v2/messages\n",
                                    "users-1           | Checking mail inbox...\n",
                                    "mailserver-1      | [APIv2] GET /api/v2/messages\n",
                                    "users-1           | Checking mail inbox...\n",
                                    "mailserver-1      | [APIv2] GET /api/v2/messages\n",
                                    "mailserver-1      | [APIv1] KEEPALIVE /api/v1/events\n",
                                    "users-1           | Checking mail inbox...\n",
                                    "mailserver-1      | [APIv2] GET /api/v2/messages\n",
                                    "users-1           | Checking mail inbox...\n",
                                    "mailserver-1      | [APIv2] GET /api/v2/messages\n",
                                    "nginx-1           | 10.244.1.1 - - [19/May/2025:22:03:41 +0000] \"GET / HTTP/1.1\" 200 3 \"-\" \"kube-probe/1.31\"\n",
                                    "users-1           | Checking mail inbox...\n",
                                    "mailserver-1      | [APIv2] GET /api/v2/messages\n",
                                    "users-1           | Checking mail inbox...\n",
                                    "mailserver-1      | [APIv2] GET /api/v2/messages\n",
                                    "users-1           | Checking mail inbox...\n",
                                    "mailserver-1      | [APIv2] GET /api/v2/messages\n",
                                    "users-1           | Checking mail inbox...\n",
                                    "mailserver-1      | [APIv2] GET /api/v2/messages\n",
                                    "users-1           | Checking mail inbox...\n",
                                    "mailserver-1      | [APIv2] GET /api/v2/messages\n",
                                    "users-1           | Checking mail inbox...\n",
                                    "mailserver-1      | [APIv2] GET /api/v2/messages\n",
                                    "nginx-1           | 10.244.1.1 - - [19/May/2025:22:04:11 +0000] \"GET / HTTP/1.1\" 200 3 \"-\" \"kube-probe/1.31\"\n",
                                    "users-1           | Checking mail inbox...\n",
                                    "mailserver-1      | [APIv2] GET /api/v2/messages\n",
                                    "users-1           | Checking mail inbox...\n",
                                    "mailserver-1      | [APIv2] GET /api/v2/messages\n",
                                    "users-1           | Checking mail inbox...\n",
                                    "mailserver-1      | [APIv2] GET /api/v2/messages\n",
                                    "users-1           | Checking mail inbox...\n",
                                    "mailserver-1      | [APIv2] GET /api/v2/messages\n",
                                    "mailserver-1      | [APIv1] KEEPALIVE /api/v1/events\n",
                                    "users-1           | Checking mail inbox...\n",
                                    "mailserver-1      | [APIv2] GET /api/v2/messages\n",
                                    "users-1           | Checking mail inbox...\n",
                                    "mailserver-1      | [APIv2] GET /api/v2/messages\n",
                                    "nginx-1           | 10.244.1.1 - - [19/May/2025:22:04:41 +0000] \"GET / HTTP/1.1\" 200 3 \"-\" \"kube-probe/1.31\"\n",
                                    "users-1           | Checking mail inbox...\n",
                                    "mailserver-1      | [APIv2] GET /api/v2/messages\n",
                                    "users-1           | Checking mail inbox...\n",
                                    "mailserver-1      | [APIv2] GET /api/v2/messages\n",
                                    "nginx-1           | 10.244.1.185 - - [19/May/2025:22:04:49 +0000] \"GET /about HTTP/1.1\" 200 3785 \"-\" \"Go-http-client/1.1\"\n",
                                    "mailserver-1      | 2025/05/19 22:04:49 [SMTP 172.18.0.4:43118] Starting session\n",
                                    "mailserver-1      | 2025/05/19 22:04:49 [SMTP 172.18.0.4:43118] [PROTO: INVALID] Started session, switching to ESTABLISH state\n",
                                    "mailserver-1      | 2025/05/19 22:04:49 [SMTP 172.18.0.4:43118] Sent 35 bytes: '220 mailhog.example ESMTP MailHog\\r\\n'\n",
                                    "mailserver-1      | 2025/05/19 22:04:49 [SMTP 172.18.0.4:43118] Received 16 bytes: 'EHLO localhost\\r\\n'\n",
                                    "mailserver-1      | 2025/05/19 22:04:49 [SMTP 172.18.0.4:43118] [PROTO: ESTABLISH] Processing line: EHLO localhost\n",
                                    "mailserver-1      | 2025/05/19 22:04:49 [SMTP 172.18.0.4:43118] [PROTO: ESTABLISH] In state 1, got command 'EHLO', args 'localhost'\n",
                                    "mailserver-1      | 2025/05/19 22:04:49 [SMTP 172.18.0.4:43118] [PROTO: ESTABLISH] In ESTABLISH state\n",
